******************************************************************************
                  TI ARM Linker Unix v5.2.5                    
******************************************************************************
>> Linked Wed Sep 20 11:11:25 2017

OUTPUT FILE NAME:   <subscribe_publish_sample.out>
ENTRY POINT SYMBOL: "_c_int00"  address: 2001307d


MEMORY CONFIGURATION

         name            origin    length      used     unused   attr    fill
----------------------  --------  ---------  --------  --------  ----  --------
  SRAM                  20004000   0003c000  0001de94  0001e16c  RW X


SEGMENT ALLOCATION MAP

run origin  load origin   length   init length attrs members
----------  ----------- ---------- ----------- ----- -------
20004000    20004000    0001280a   0001280a    r-x
  20004000    20004000    0000030c   0000030c    r-- .resetVecs
  20004310    20004310    000124fa   000124fa    r-x .text
20016c00    20016c00    000094ad   00000000    rw-
  20016c00    20016c00    000094ad   00000000    rw- .bss
200200b0    200200b0    00001055   00001055    r--
  200200b0    200200b0    00001055   00001055    r-- .const
20021108    20021108    00000d34   00000000    rw-
  20021108    20021108    00000934   00000000    rw- .data
  20021a3c    20021a3c    00000400   00000000    rw- .stack
20021e40    20021e40    00000458   00000458    r--
  20021e40    20021e40    00000458   00000458    r-- .cinit


SECTION ALLOCATION MAP

 output                                  attributes/
section   page    origin      length       input sections
--------  ----  ----------  ----------   ----------------
.text      0    20004310    000124fa     
                  20004310    000010a6     rtsv7M4_T_le_eabi.lib : _printfi.obj (.text)
                  200053b6    00000002     drivers_cc32xxware.aem4 : SPICC3200DMA.oem4 (.text:SPICC3200DMA_serviceISR)
                  200053b8    00000bc4     subscribe_publish_sample.o (.text:runAWSClient)
                  20005f7c    00000004     tirtosport.aem4 : ClockP_tirtos.oem4 (.text:ClockP_getCpuFreq)
                  20005f80    00000430     sysbios.aem4 : BIOS.obj (.text:ti_sysbios_family_arm_m3_Hwi_excDumpRegs__I)
                  200063b0    000003d0     sntp_sl.aem4 : sntp.oem4 (.text:syncTime)
                  20006780    0000039a     cc3x00_host_driver.aem4 : driver.oem4 (.text:_SlDrvMsgRead)
                  20006b1a    00000002     drivers_cc32xxware.aem4 : SPICC3200DMA.oem4 (.text:SPICC3200DMA_transferCancel)
                  20006b1c    00000388     sntp_sl.aem4 : sntp.oem4 (.text:SNTP_start)
                  20006ea4    0000034c     ti.targets.arm.rtsarm.aem4 : System.oem4 (.text:xdc_runtime_System_doPrint__I)
                  200071f0    00000334     netwifi.o (.text:NetWiFi_init)
                  20007524    0000030c     rtsv7M4_T_le_eabi.lib : lowlev.obj (.text)
                  20007830    000002d4                           : trgdrv.obj (.text)
                  20007b04    000002a8                           : mktime.obj (.text)
                  20007dac    00000298                           : vla_alloc.obj (.text)
                  20008044    00000268     netwifi.o (.text:setStationMode)
                  200082ac    00000208     drivers_cc32xxware.aem4 : UARTCC3200.oem4 (.text:UARTCC3200_open)
                  200084b4    00000004     tirtosport.aem4 : HwiP_tirtos.oem4 (.text:HwiP_clearInterrupt)
                  200084b8    000001fc     sysbios.aem4 : BIOS.obj (.text:ti_sysbios_family_arm_m3_Hwi_excHandlerMax__I)
                  200086b4    000001f4     rtsv7M4_T_le_eabi.lib : ull_div_t2.obj (.text)
                  200088a8    000001f0     aws_iot_sl.aem4 : aws_iot_mqtt_client_connect.o (.text:_aws_iot_mqtt_serialize_connect)
                  20008a98    000001ce                     : aws_iot_mqtt_client_common_internal.o (.text:aws_iot_mqtt_internal_init_header)
                  20008c66    00000002     rtsv7M4_T_le_eabi.lib : i_div0.obj (.text)
                  20008c68    000001c4                           : fopen.obj (.text)
                  20008e2c    000001b6                           : fd_add_t2.obj (.text)
                  20008fe2    00000002     subscribe_publish_sample_pem4.oem4 (.text:ti_sysbios_BIOS_nullFunc__I)
                  20008fe4    000001a8     cc3x00_host_driver.aem4 : wlan.oem4 (.text:sl_WlanConnect)
                  2000918c    000001a4     startsntp.o (.text:startNTP)
                  20009330    000001a0     subscribe_publish_sample.o (.text:disconnectCallbackHandler)
                  200094d0    00000188     power_cc3200_tirtos.aem4 : PowerCC3200_tirtos.oem4 (.text:PowerCC3200_sleepPolicy)
                  20009658    0000017c     drivers_cc32xxware.aem4 : GPIOCC3200.oem4 (.text:GPIO_setConfig)
                  200097d4    00000004     tirtosport.aem4 : HwiP_tirtos.oem4 (.text:HwiP_disable)
                  200097d8    00000174     sysbios.aem4 : BIOS.obj (.text:ti_sysbios_family_arm_m3_Hwi_excBusFault__I)
                  2000994c    00000004     drivers_cc32xxware.aem4 : List.oem4 (.text:List_head)
                  20009950    00000164     sysbios.aem4 : BIOS.obj (.text:ti_sysbios_family_arm_m3_Hwi_excUsageFault__I)
                  20009ab4    00000158     rom_pin_mux_config.o (.text:PinMuxConfig)
                  20009c0c    00000004     drivers_cc32xxware.aem4 : List.oem4 (.text:List_next)
                  20009c10    00000158     sysbios.aem4 : BIOS.obj (.text:ti_sysbios_knl_Semaphore_pend__E)
                  20009d68    00000154     drivers_cc32xxware.aem4 : SPICC3200DMA.oem4 (.text:SPICC3200DMA_transfer)
                  20009ebc    00000154     aws_iot_sl.aem4 : aws_iot_mqtt_client_common_internal.o (.text:_aws_iot_mqtt_internal_read_packet)
                  2000a010    00000150     cc3x00_host_driver.aem4 : driver.oem4 (.text:_SlDrvRxHdrRead)
                  2000a160    00000150     aws_iot_sl.aem4 : aws_iot_mqtt_client.o (.text:aws_iot_mqtt_init)
                  2000a2b0    00000150     sysbios.aem4 : BIOS.obj (.text:ti_sysbios_knl_Event_pend__E)
                  2000a400    00000148                  : BIOS.obj (.text:ti_sysbios_family_arm_m3_Hwi_excMemFault__I)
                  2000a548    00000140     aws_iot_sl.aem4 : aws_iot_mqtt_client_subscribe.o (.text:_aws_iot_mqtt_internal_subscribe)
                  2000a688    00000136     rtsv7M4_T_le_eabi.lib : fd_div_t2.obj (.text)
                  2000a7be    00000002     subscribe_publish_sample_pem4.oem4 (.text:xdc_runtime_Startup_reset__I)
                  2000a7c0    00000134     driverlib.a : prcm.obj (.text:PRCMCC3200MCUInit)
                  2000a8f4    00000134     rtsv7M4_T_le_eabi.lib : fputs.obj (.text)
                  2000aa28    00000130     aws_iot_sl.aem4 : aws_iot_mqtt_client_connect.o (.text:_aws_iot_mqtt_deserialize_connack)
                  2000ab58    0000012a                     : network_sl.o (.text:iot_tls_connect)
                  2000ac82    00000002     ti.targets.arm.rtsarm.aem4 : SysCallback.oem4 (.text:xdc_runtime_SysCallback_defaultExit)
                  2000ac84    00000128     subscribe_publish_sample.o (.text:MQTTcallbackHandler)
                  2000adac    00000124     drivers_cc32xxware.aem4 : SPICC3200DMA.oem4 (.text:SPICC3200DMA_open)
                  2000aed0    00000120     aws_iot_sl.aem4 : aws_iot_mqtt_client_connect.o (.text:_aws_iot_mqtt_internal_connect)
                  2000aff0    00000118     cc3x00_host_driver.aem4 : driver.oem4 (.text:_SlDrvMsgWrite)
                  2000b108    00000118     ti.targets.arm.rtsarm.aem4 : Error.oem4 (.text:xdc_runtime_Error_policyDefault__E)
                  2000b220    00000110     rtsv7M4_T_le_eabi.lib : xdscale.obj (.text)
                  2000b330    0000010e     aws_iot_sl.aem4 : aws_iot_mqtt_client_subscribe.o (.text:_aws_iot_mqtt_internal_resubscribe)
                  2000b43e    00000002     ti.targets.arm.rtsarm.aem4 : SysCallback.oem4 (.text:xdc_runtime_SysCallback_defaultFlush)
                  2000b440    00000104     UARTUtils.o (.text:openHandle)
                  2000b544    00000100     aws_iot_sl.aem4 : aws_iot_mqtt_client_subscribe.o (.text:_aws_iot_mqtt_serialize_subscribe)
                  2000b644    00000100                     : aws_iot_mqtt_client_publish.o (.text:aws_iot_mqtt_internal_deserialize_publish)
                  2000b744    00000100     ti.targets.arm.rtsarm.aem4 : Core-mem.oem4 (.text:xdc_runtime_Core_createObject__I)
                  2000b844    000000fc     rtsv7M4_T_le_eabi.lib : fd_mul_t2.obj (.text)
                  2000b940    000000f8     ti.targets.arm.rtsarm.aem4 : Startup.oem4 (.text:xdc_runtime_Startup_startMods__I)
                  2000ba38    000000f8     subscribe_publish_sample_pem4.oem4 (.text:xdc_runtime_System_printfExtend__I)
                  2000bb30    000000f0     driverlib.a : udma.obj (.text:uDMAChannelTransferSet)
                  2000bc20    000000ec     cc3x00_host_driver.aem4 : driver.oem4 (.text:_SlDrvDriverCBInit)
                  2000bd0c    000000ec     aws_iot_sl.aem4 : aws_iot_mqtt_client_subscribe.o (.text:_aws_iot_mqtt_deserialize_suback)
                  2000bdf8    000000ec     main.o (.text:slTask)
                  2000bee4    000000ea     aws_iot_sl.aem4 : aws_iot_mqtt_client_common_internal.o (.text:_aws_iot_mqtt_internal_deliver_message)
                  2000bfce    000000ea                     : aws_iot_mqtt_client_publish.o (.text:_aws_iot_mqtt_internal_publish)
                  2000c0b8    000000e0     cc3x00_host_driver.aem4 : driver.oem4 (.text:_SlDrvDataReadOp)
                  2000c198    000000e0     aws_iot_sl.aem4 : aws_iot_mqtt_client_publish.o (.text:_aws_iot_mqtt_internal_serialize_publish)
                  2000c278    000000e0     subscribe_publish_sample.o (.text:feedadd)
                  2000c358    000000dc     network_sl.aem4 : tls_sl.oem4 (.text:TLS_create)
                  2000c434    000000dc     aws_iot_sl.aem4 : aws_iot_mqtt_client_yield.o (.text:_aws_iot_mqtt_internal_yield)
                  2000c510    000000dc     rtsv7M4_T_le_eabi.lib : setvbuf.obj (.text)
                  2000c5ec    000000d8     drivers_cc32xxware.aem4 : SPICC3200DMA.oem4 (.text:configDMA)
                  2000c6c4    000000d4     cc3x00_host_driver.aem4 : socket.oem4 (.text:sl_Select)
                  2000c798    000000d4     sysbios.aem4 : BIOS.obj (.text:ti_sysbios_knl_Mailbox_Instance_init__E)
                  2000c86c    000000d0     cc3x00_host_driver.aem4 : driver.oem4 (.text:_SlDrvWaitForPoolObj)
                  2000c93c    000000d0     drivers_cc32xxware.aem4 : GPIOCC3200.oem4 (.text:powerNotifyFxn)
                  2000ca0c    000000d0     sysbios.aem4 : m3_Hwi_asm.obj (.text:ti_sysbios_family_arm_m3_Hwi_dispatch__I)
                  2000cadc    00000004     network_sl.aem4 : ssock.oem4 (.text:Ssock_getSocket)
                  2000cae0    000000cc     sysbios.aem4 : BIOS.obj (.text:ti_sysbios_heaps_HeapMem_alloc__E)
                  2000cbac    00000004     drivers_wifi_cc32xxware.aem4 : osi_tirtos.oem4 (.text:mem_Malloc)
                  2000cbb0    000000cc     sysbios.aem4 : BIOS.obj (.text:ti_sysbios_knl_Task_Instance_init__E)
                  2000cc7c    000000cc     ti.targets.arm.rtsarm.aem4 : Core-smem.oem4 (.text:xdc_runtime_Core_constructObject__I)
                  2000cd48    000000c8     cc3x00_host_driver.aem4 : driver.oem4 (.text:_SlDrvReleasePoolObj)
                  2000ce10    000000c8     aws_iot_sl.aem4 : aws_iot_mqtt_client_common_internal.o (.text:_aws_iot_mqtt_internal_handle_publish)
                  2000ced8    000000c8     rtsv7M4_T_le_eabi.lib : fflush.obj (.text)
                  2000cfa0    000000c4     netwifi.o (.text:wlanConnect)
                  2000d064    000000c2     aws_iot_sl.aem4 : aws_iot_mqtt_client_common_internal.o (.text:_aws_iot_mqtt_internal_is_topic_matched)
                  2000d126    000000c0     network_sl.aem4 : ssock_sl.oem4 (.text:Ssock_startTLS)
                  2000d1e6    00000002     --HOLE-- [fill = 0]
                  2000d1e8    000000c0     aws_iot_sl.aem4 : aws_iot_mqtt_client_publish.o (.text:aws_iot_mqtt_internal_deserialize_ack)
                  2000d2a8    000000c0                     : aws_iot_mqtt_client.o (.text:aws_iot_mqtt_set_connect_params)
                  2000d368    000000c0     sysbios.aem4 : BIOS.obj (.text:ti_sysbios_knl_Task_sleep__E)
                  2000d428    000000be     rtsv7M4_T_le_eabi.lib : xdnorm.obj (.text)
                  2000d4e6    00000002     --HOLE-- [fill = 0]
                  2000d4e8    000000bc     network_sl.aem4 : tls_sl.oem4 (.text:createTLSContext)
                  2000d5a4    00000004     rtsv7M4_T_le_eabi.lib : error.obj (.text)
                  2000d5a8    000000bc     sysbios.aem4 : BIOS.obj (.text:ti_sysbios_family_arm_m3_Hwi_excDebugMon__I)
                  2000d664    00000004     subscribe_publish_sample_pem4.oem4 (.text:ti_sysbios_BIOS_RtsGateProxy_enter__E)
                  2000d668    000000bc     sysbios.aem4 : BIOS.obj (.text:ti_sysbios_family_arm_m3_Hwi_excHardFault__I)
                  2000d724    00000004     subscribe_publish_sample_pem4.oem4 (.text:ti_sysbios_BIOS_RtsGateProxy_leave__E)
                  2000d728    000000bc     sysbios.aem4 : BIOS.obj (.text:ti_sysbios_knl_Task_Instance_finalize__E)
                  2000d7e4    000000b8     aws_iot_sl.aem4 : aws_iot_mqtt_client.o (.text:aws_iot_mqtt_is_client_connected)
                  2000d89c    000000b8     cc3x00_host_driver.aem4 : netapp.oem4 (.text:sl_NetAppDnsGetHostByName)
                  2000d954    000000b6     network_sl.aem4 : ssock.oem4 (.text:Ssock_send)
                  2000da0a    000000b6     aws_iot_sl.aem4 : aws_iot_mqtt_client_subscribe.o (.text:aws_iot_mqtt_subscribe)
                  2000dac0    000000b4     cc3x00_host_driver.aem4 : netapp.oem4 (.text:_SlDrvNetAppEventHandler)
                  2000db74    000000b4     aws_iot_sl.aem4 : aws_iot_mqtt_client_yield.o (.text:_aws_iot_mqtt_keep_alive)
                  2000dc28    000000b4     sysbios.aem4 : BIOS.obj (.text:ti_sysbios_knl_Task_checkStacks__E)
                  2000dcdc    000000b0     aws_iot_sl.aem4 : aws_iot_mqtt_client_publish.o (.text:aws_iot_mqtt_publish)
                  2000dd8c    000000b0     cc3x00_host_driver.aem4 : socket.oem4 (.text:sl_Connect)
                  2000de3c    000000ae     aws_iot_sl.aem4 : aws_iot_mqtt_client_yield.o (.text:aws_iot_mqtt_yield)
                  2000deea    00000002     --HOLE-- [fill = 0]
                  2000deec    000000ac     cc3x00_host_driver.aem4 : driver.oem4 (.text:_SlDrvDataWriteOp)
                  2000df98    000000ac     rtsv7M4_T_le_eabi.lib : _io_perm.obj (.text)
                  2000e044    000000aa     network_sl.aem4 : certconv.oem4 (.text:CertConv_pem2der)
                  2000e0ee    000000a6     aws_iot_sl.aem4 : network_sl.o (.text:iot_tls_read)
                  2000e194    000000a4                     : aws_iot_mqtt_client_publish.o (.text:aws_iot_mqtt_internal_serialize_ack)
                  2000e238    000000a4     rtsv7M4_T_le_eabi.lib : asctime.obj (.text)
                  2000e2dc    000000a4     cc3x00_host_driver.aem4 : socket.oem4 (.text:sl_Send)
                  2000e380    000000a2     drivers_cc32xxware.aem4 : UARTCC3200.oem4 (.text:UARTCC3200_write)
                  2000e422    00000002     --HOLE-- [fill = 0]
                  2000e424    000000a0     driverlib.a : spi.obj (.text:SPIConfigSetExpClk)
                  2000e4c4    000000a0     auto_init.aem4 : auto_init.oem4 (.text)
                  2000e564    000000a0     ti.targets.arm.rtsarm.aem4 : Text.oem4 (.text:xdc_runtime_Text_putMod__E)
                  2000e604    0000009e     drivers_cc32xxware.aem4 : UARTCC3200.oem4 (.text:readTaskBlocking)
                  2000e6a2    00000002     --HOLE-- [fill = 0]
                  2000e6a4    0000009c     aws_iot_sl.aem4 : timer.o (.text:countdown_ms)
                  2000e740    0000009c     rtsv7M4_T_le_eabi.lib : memcpy_t2.obj (.text)
                  2000e7dc    00000004     subscribe_publish_sample_pem4.oem4 (.text:ti_sysbios_family_arm_m3_Hwi_destruct)
                  2000e7e0    0000009c     sysbios.aem4 : BIOS.obj (.text:ti_sysbios_knl_Task_postInit__I)
                  2000e87c    0000009a     ti.targets.arm.rtsarm.aem4 : Text.oem4 (.text:xdc_runtime_Text_putSite__E)
                  2000e916    00000098     drivers_cc32xxware.aem4 : UARTCC3200.oem4 (.text:UARTCC3200_control)
                  2000e9ae    00000098                             : UARTCC3200.oem4 (.text:UARTCC3200_readPolling)
                  2000ea46    00000002     --HOLE-- [fill = 0]
                  2000ea48    00000098     cc3x00_host_driver.aem4 : driver.oem4 (.text:_SlDrvMsgReadCmdCtx)
                  2000eae0    00000098     aws_iot_sl.aem4 : aws_iot_mqtt_client_common_internal.o (.text:aws_iot_mqtt_internal_cycle_read)
                  2000eb78    00000098     rtsv7M4_T_le_eabi.lib : fclose.obj (.text)
                  2000ec10    00000098                           : fputc.obj (.text)
                  2000eca8    00000098     cc3x00_host_driver.aem4 : device.oem4 (.text:sl_Stop)
                  2000ed40    00000096     aws_iot_sl.aem4 : aws_iot_mqtt_client_yield.o (.text:_aws_iot_mqtt_handle_reconnect)
                  2000edd6    00000002     --HOLE-- [fill = 0]
                  2000edd8    00000094     driverlib.a : prcm.obj (.text:PRCMPeripheralClockGet)
                  2000ee6c    00000094     cc3x00_host_driver.aem4 : driver.oem4 (.text:_SlFindAndSetActiveObj)
                  2000ef00    00000094     aws_iot_sl.aem4 : timer.o (.text:countdown_sec)
                  2000ef94    00000094     drivers_cc32xxware.aem4 : SPICC3200DMA.oem4 (.text:initHw)
                  2000f028    00000094     rtsv7M4_T_le_eabi.lib : snprintf.obj (.text)
                  2000f0bc    00000004     subscribe_publish_sample_pem4.oem4 (.text:ti_sysbios_family_arm_m3_TaskSupport_Module__startupDone__S)
                  2000f0c0    00000094     sysbios.aem4 : BIOS.obj (.text:ti_sysbios_family_arm_m3_Hwi_Instance_init__E)
                  2000f154    00000090     cc3x00_host_driver.aem4 : driver.oem4 (.text:_SlDrvDriverCBDeinit)
                  2000f1e4    00000090     subscribe_publish_sample.o (.text:add)
                  2000f274    00000090     main.o (.text:main)
                  2000f304    00000090     drivers_cc32xxware.aem4 : PowerCC3200.oem4 (.text:restoreNVICRegs)
                  2000f394    00000090     cc3x00_host_driver.aem4 : device.oem4 (.text:sl_Start)
                  2000f424    00000090     netwifi.o (.text:smartConfigFxn)
                  2000f4b4    0000008c     UARTUtils.o (.text:UARTUtils_systemInit)
                  2000f540    0000008c     aws_iot_sl.aem4 : aws_iot_mqtt_client_connect.o (.text:_aws_iot_mqtt_internal_disconnect)
                  2000f5cc    00000004     subscribe_publish_sample_pem4.oem4 (.text:ti_sysbios_heaps_HeapMem_Module_GateProxy_enter__E)
                  2000f5d0    0000008c     sysbios.aem4 : BIOS.obj (.text:ti_sysbios_knl_Event_post__E)
                  2000f65c    0000008a     aws_iot_sl.aem4 : aws_iot_mqtt_client_common_internal.o (.text:aws_iot_mqtt_internal_send_packet)
                  2000f6e6    0000008a     drivers_cc32xxware.aem4 : UARTCC3200.oem4 (.text:readIsrTextBlocking)
                  2000f770    00000088     driverlib.a : pin.obj (.text:PinConfigSet)
                  2000f7f8    00000088     drivers_cc32xxware.aem4 : UARTCC3200.oem4 (.text:UARTCC3200_close)
                  2000f880    00000088     aws_iot_sl.aem4 : aws_iot_mqtt_client_common_internal.o (.text:aws_iot_mqtt_internal_wait_for_read)
                  2000f908    00000088     cc3x00_host_driver.aem4 : fs.oem4 (.text:sl_FsWrite)
                  2000f990    00000088     drivers_cc32xxware.aem4 : SPICC3200DMA.oem4 (.text:spiHwiFxn)
                  2000fa18    00000088     sysbios.aem4 : BIOS.obj (.text:ti_sysbios_family_arm_m3_Hwi_initNVIC__E)
                  2000faa0    00000088                  : BIOS.obj (.text:ti_sysbios_knl_Mailbox_post__E)
                  2000fb28    00000086     rtsv7M4_T_le_eabi.lib : fd_cmp_t2.obj (.text:__aeabi_cdcmple)
                  2000fbae    00000086                           : fd_cmp_t2.obj (.text:__aeabi_cdrcmple)
                  2000fc34    00000084     drivers_cc32xxware.aem4 : GPIOCC3200.oem4 (.text:GPIO_init)
                  2000fcb8    00000084     aws_iot_sl.aem4 : aws_iot_mqtt_client_connect.o (.text:aws_iot_mqtt_connect)
                  2000fd3c    00000084                     : aws_iot_mqtt_client_common_internal.o (.text:aws_iot_mqtt_internal_serialize_zero)
                  2000fdc0    00000084                     : network_sl.o (.text:iot_tls_init)
                  2000fe44    00000084     drivers_cc32xxware.aem4 : PowerCC3200.oem4 (.text:saveNVICRegs)
                  2000fec8    00000084     sysbios.aem4 : BIOS.obj (.text:ti_sysbios_family_arm_m3_Hwi_postInit__I)
                  2000ff4c    00000082     driverlib.a : gpio.obj (.text:GPIOIntTypeSet)
                  2000ffce    00000082     drivers_cc32xxware.aem4 : UARTCC3200.oem4 (.text:readIsrTextCallback)
                  20010050    00000080     drivers_wifi_cc32xxware.aem4 : WiFiCC3200.oem4 (.text:WiFiCC3200_open)
                  200100d0    00000080     aws_iot_sl.aem4 : aws_iot_mqtt_client_connect.o (.text:_aws_iot_mqtt_is_client_state_valid_for_connect)
                  20010150    0000007c     driverlib.a : spi.obj (.text:SPIIntStatus)
                  200101cc    0000007c     aws_iot_sl.aem4 : aws_iot_mqtt_client_common_internal.o (.text:_aws_iot_mqtt_internal_decode_packet_remaining_len)
                  20010248    0000007c     cc3x00_host_driver.aem4 : netcfg.oem4 (.text:sl_NetCfgGet)
                  200102c4    00000004     subscribe_publish_sample_pem4.oem4 (.text:ti_sysbios_heaps_HeapMem_Module_GateProxy_leave__E)
                  200102c8    0000007c     sysbios.aem4 : BIOS.obj (.text:ti_sysbios_heaps_HeapMem_free__E)
                  20010344    0000007a     drivers_cc32xxware.aem4 : UARTCC3200.oem4 (.text:readTaskCallback)
                  200103be    0000007a     rtsv7M4_T_le_eabi.lib : memset_t2.obj (.text)
                  20010438    00000078     drivers_wifi_cc32xxware.aem4 : osi_tirtos.oem4 (.text:VStartSimpleLinkSpawnTask)
                  200104b0    00000078     aws_iot_sl.aem4 : aws_iot_mqtt_client_subscribe.o (.text:aws_iot_mqtt_resubscribe)
                  20010528    00000076     driverlib.a : uart.obj (.text:UARTConfigSetExpClk)
                  2001059e    00000002     --HOLE-- [fill = 0]
                  200105a0    00000074     cc3x00_host_driver.aem4 : driver.oem4 (.text:_SlDrvClassifyRxMsg)
                  20010614    00000004     subscribe_publish_sample_pem4.oem4 (.text:ti_sysbios_knl_Clock_TimerProxy_getMaxTicks__E)
                  20010618    00000074     sysbios.aem4 : BIOS.obj (.text:ti_sysbios_knl_Mailbox_pend__E)
                  2001068c    00000071     network_sl.aem4 : tls_sl.oem4 (.text:getDirPath)
                  200106fd    00000003     --HOLE-- [fill = 0]
                  20010700    00000070     drivers_cc32xxware.aem4 : PowerCC3200.oem4 (.text:Power_sleep)
                  20010770    00000070     cc3x00_host_driver.aem4 : driver.oem4 (.text:_SlDrvCmdOp)
                  200107e0    00000070     rtsv7M4_T_le_eabi.lib : printf.obj (.text)
                  20010850    00000070     cc3x00_host_driver.aem4 : fs.oem4 (.text:sl_FsClose)
                  200108c0    00000070                             : wlan.oem4 (.text:sl_WlanSmartConfigStart)
                  20010930    00000070     sysbios.aem4 : BIOS.obj (.text:ti_sysbios_knl_Mailbox_Instance_finalize__E)
                  200109a0    00000070                  : BIOS.obj (.text:ti_sysbios_knl_Semaphore_post__E)
                  20010a10    0000006d     ti.targets.arm.rtsarm.aem4 : System.oem4 (.text:xdc_runtime_System_formatNum__I)
                  20010a7d    00000003     --HOLE-- [fill = 0]
                  20010a80    0000006c     cc3x00_host_driver.aem4 : driver.oem4 (.text:_SlDrvMsgReadSpawnCtx)
                  20010aec    0000006c     drivers_cc32xxware.aem4 : UARTCC3200.oem4 (.text:initHw)
                  20010b58    0000006c     rtsv7M4_T_le_eabi.lib : fprintf.obj (.text)
                  20010bc4    00000004     subscribe_publish_sample_pem4.oem4 (.text:ti_sysbios_knl_Clock_TimerProxy_setPeriodMicroSecs__E)
                  20010bc8    0000006c     sysbios.aem4 : BIOS.obj (.text:ti_sysbios_family_arm_cc32xx_Seconds_getCount__I)
                  20010c34    00000004     subscribe_publish_sample_pem4.oem4 (.text:ti_sysbios_knl_Clock_TimerProxy_start__E)
                  20010c38    0000006c     sysbios.aem4 : BIOS.obj (.text:ti_sysbios_knl_Clock_workFunc__E)
                  20010ca4    00000004     subscribe_publish_sample_pem4.oem4 (.text:ti_sysbios_knl_Clock_TimerProxy_stop__E)
                  20010ca8    0000006c     sysbios.aem4 : BIOS.obj (.text:ti_sysbios_knl_Swi_restoreHwi__E)
                  20010d14    00000004     subscribe_publish_sample_pem4.oem4 (.text:ti_sysbios_knl_Clock_destruct)
                  20010d18    0000006c     sysbios.aem4 : BIOS.obj (.text:ti_sysbios_knl_Task_exit__E)
                  20010d84    0000006c     ti.targets.arm.rtsarm.aem4 : Error.oem4 (.text:xdc_runtime_Error_print__E)
                  20010df0    0000006c                                : Memory.oem4 (.text:xdc_runtime_Memory_alloc__E)
                  20010e5c    0000006a     rtsv7M4_T_le_eabi.lib : copy_decompress_rle.obj (.text)
                  20010ec6    0000006a     sntp_sl.aem4 : sntp.oem4 (.text:socketSetup)
                  20010f30    00000068     driverlib.a : prcm.obj (.text:PRCMHibernateWakeUpGPIOSelect)
                  20010f98    00000068     cc3x00_host_driver.aem4 : fs.oem4 (.text:_sl_GetCreateFsMode)
                  20011000    00000068     aws_iot_sl.aem4 : aws_iot_mqtt_client_connect.o (.text:aws_iot_mqtt_disconnect)
                  20011068    00000068     rtsv7M4_T_le_eabi.lib : trgmsg.obj (.text)
                  200110d0    00000068     drivers_wifi_cc32xxware.aem4 : WiFiCC3200.oem4 (.text:spi_Read)
                  20011138    00000068                                  : WiFiCC3200.oem4 (.text:spi_Write)
                  200111a0    00000068     drivers_cc32xxware.aem4 : UARTCC3200.oem4 (.text:writeData)
                  20011208    00000066     rtsv7M4_T_le_eabi.lib : xdunscal.obj (.text)
                  2001126e    00000066     ti.targets.arm.rtsarm.aem4 : Core-mem.oem4 (.text:xdc_runtime_Core_deleteObject__I)
                  200112d4    00000064     drivers_cc32xxware.aem4 : GPIOCC3200.oem4 (.text:GPIO_hwiIntFxn)
                  20011338    00000064     cc3x00_host_driver.aem4 : netapp.oem4 (.text:_sl_HandleAsync_DnsGetHostByName)
                  2001139c    00000064     aws_iot_sl.aem4 : aws_iot_mqtt_client_common_internal.o (.text:aws_iot_mqtt_internal_decode_remaining_length_from_buffer)
                  20011400    00000064     rtsv7M4_T_le_eabi.lib : fseek.obj (.text)
                  20011464    00000004     subscribe_publish_sample_pem4.oem4 (.text:ti_sysbios_knl_Event_delete)
                  20011468    00000064     sysbios.aem4 : BIOS.obj (.text:ti_sysbios_family_arm_m3_Hwi_dispatchC__I)
                  200114cc    00000064     subscribe_publish_sample_pem4.oem4 (.text:ti_sysbios_knl_Mailbox_create)
                  20011530    00000064     driverlib.a : udma.obj (.text:uDMAChannelAttributeDisable)
                  20011594    00000062     tirtosport.aem4 : HwiP_tirtos.oem4 (.text:HwiP_create)
                  200115f6    00000002     --HOLE-- [fill = 0]
                  200115f8    00000060     cc3x00_host_driver.aem4 : netapp.oem4 (.text:_sl_HandleAsync_DnsGetHostByService)
                  20011658    00000060                             : device.oem4 (.text:_sl_HandleAsync_InitComplete)
                  200116b8    00000060                             : netapp.oem4 (.text:_sl_HandleAsync_PingResponse)
                  20011718    00000060     rtsv7M4_T_le_eabi.lib : sprintf.obj (.text)
                  20011778    00000060     sysbios.aem4 : BIOS.obj (.text:ti_sysbios_knl_Task_schedule__I)
                  200117d8    0000005e     aws_iot_sl.aem4 : aws_iot_mqtt_client_publish.o (.text:_aws_iot_mqtt_read_string_with_len)
                  20011836    0000005e     drivers_cc32xxware.aem4 : UARTCC3200.oem4 (.text:readIsrBinaryBlocking)
                  20011894    00000004     subscribe_publish_sample_pem4.oem4 (.text:ti_sysbios_knl_Mailbox_delete)
                  20011898    0000005c     sysbios.aem4 : BIOS.obj (.text:ti_sysbios_knl_Swi_run__I)
                  200118f4    00000004     subscribe_publish_sample_pem4.oem4 (.text:ti_sysbios_knl_Queue_destruct)
                  200118f8    0000005c     sysbios.aem4 : BIOS.obj (.text:ti_sysbios_knl_Swi_schedule__I)
                  20011954    00000004     subscribe_publish_sample_pem4.oem4 (.text:ti_sysbios_knl_Semaphore_delete)
                  20011958    0000005c     sysbios.aem4 : BIOS.obj (.text:ti_sysbios_knl_Task_Module_startup__E)
                  200119b4    0000005c     subscribe_publish_sample_pem4.oem4 (.text:ti_sysbios_knl_Task_create)
                  20011a10    0000005c     sysbios.aem4 : BIOS.obj (.text:ti_sysbios_knl_Task_startCore__E)
                  20011a6c    0000005b     ti.targets.arm.rtsarm.aem4 : Text.oem4 (.text:xdc_runtime_Text_putLab__E)
                  20011ac7    00000001     --HOLE-- [fill = 0]
                  20011ac8    0000005a     tirtosport.aem4 : ClockP_tirtos.oem4 (.text:ClockP_create)
                  20011b22    0000005a     drivers_cc32xxware.aem4 : SPICC3200DMA.oem4 (.text:SPICC3200DMA_close)
                  20011b7c    0000005a     aws_iot_sl.aem4 : aws_iot_mqtt_client_connect.o (.text:aws_iot_mqtt_attempt_reconnect)
                  20011bd6    0000005a                     : network_sl.o (.text:iot_tls_write)
                  20011c30    00000058     driverlib.a : prcm.obj (.text:PRCMPeripheralReset)
                  20011c88    00000058     drivers_cc32xxware.aem4 : PowerCC3200.oem4 (.text:Power_init)
                  20011ce0    00000058     tirtosport.aem4 : SemaphoreP_tirtos.oem4 (.text:SemaphoreP_create)
                  20011d38    00000058     cc3x00_host_driver.aem4 : driver.oem4 (.text:_SlDrvCmdSend)
                  20011d90    00000058     aws_iot_sl.aem4 : aws_iot_mqtt_client_connect.o (.text:_aws_iot_get_connect_packet_length)
                  20011de8    00000058     cc3x00_host_driver.aem4 : netapp.oem4 (.text:_sl_NetAppSendTokenValue)
                  20011e40    00000058     aws_iot_sl.aem4 : aws_iot_mqtt_client.o (.text:aws_iot_is_autoreconnect_enabled)
                  20011e98    00000058     startsntp.o (.text:setTime)
                  20011ef0    00000058     subscribe_publish_sample_pem4.oem4 (.text:ti_sysbios_family_arm_m3_Hwi_construct)
                  20011f48    00000056     rtsv7M4_T_le_eabi.lib : ltoa.obj (.text)
                  20011f9e    00000002     --HOLE-- [fill = 0]
                  20011fa0    00000054     CC3200_LAUNCHXL.o (.text:CC3200_LAUNCHXL_initDMA)
                  20011ff4    00000054     sntp_sl.aem4 : sntp.oem4 (.text:SNTP_setServers)
                  20012048    00000054     drivers_cc32xxware.aem4 : UARTCC3200.oem4 (.text:UARTCC3200_writeCancel)
                  2001209c    00000054                             : UARTCC3200.oem4 (.text:readIsrBinaryCallback)
                  200120f0    00000054     cc3x00_host_driver.aem4 : fs.oem4 (.text:sl_FsOpen)
                  20012144    00000054                             : socket.oem4 (.text:sl_SetSockOpt)
                  20012198    00000054     sysbios.aem4 : BIOS.obj (.text:ti_sysbios_family_arm_m3_Timer_start__E)
                  200121ec    00000054     ti.targets.arm.rtsarm.aem4 : Assert.oem4 (.text:xdc_runtime_Assert_raise__I)
                  20012240    00000050     drivers_wifi_cc32xxware.aem4 : WiFiCC3200.oem4 (.text:CC3X00_NWP_enablePreamble)
                  20012290    00000050     drivers_cc32xxware.aem4 : GPIOCC3200.oem4 (.text:GPIO_write)
                  200122e0    00000050     cc3x00_host_driver.aem4 : socket.oem4 (.text:_sl_HandleAsync_Connect)
                  20012330    00000050     rtsv7M4_T_le_eabi.lib : _tvaltostr.obj (.text)
                  20012380    00000050     cc3x00_host_driver.aem4 : device.oem4 (.text:sl_DevSet)
                  200123d0    00000050                             : netcfg.oem4 (.text:sl_NetCfgSet)
                  20012420    00000050     sysbios.aem4 : BIOS.obj (.text:ti_sysbios_family_arm_m3_Hwi_Module_startup__E)
                  20012470    00000050                  : BIOS.obj (.text:ti_sysbios_knl_Clock_Instance_init__E)
                  200124c0    00000050     ti.targets.arm.rtsarm.aem4 : Startup.oem4 (.text:xdc_runtime_Startup_exec__E)
                  20012510    0000004d     sntp_sl.aem4 : sntp.oem4 (.text:hasKissCode)
                  2001255d    00000003     --HOLE-- [fill = 0]
                  20012560    0000004c     drivers_cc32xxware.aem4 : GPIOCC3200.oem4 (.text:GPIO_setCallback)
                  200125ac    0000004c     driverlib.a : spi.obj (.text:SPIIntDisable)
                  200125f8    0000004c                 : spi.obj (.text:SPIIntEnable)
                  20012644    0000004c     cc3x00_host_driver.aem4 : device.oem4 (.text:_SlDrvDeviceEventHandler)
                  20012690    0000004c                             : socket.oem4 (.text:_sl_HandleAsync_Accept)
                  200126dc    0000004c     rtsv7M4_T_le_eabi.lib : atoi.obj (.text)
                  20012728    0000004c                           : cpy_tbl.obj (.text)
                  20012774    0000004c                           : localtim.obj (.text)
                  200127c0    0000004c     sysbios.aem4 : m3_TaskSupport_asm.obj (.text:ti_sysbios_family_arm_m3_TaskSupport_buildTaskStack)
                  2001280c    00000004     subscribe_publish_sample_pem4.oem4 (.text:ti_sysbios_knl_Semaphore_destruct)
                  20012810    0000004c     sysbios.aem4 : BIOS.obj (.text:ti_sysbios_heaps_HeapMem_getStats__E)
                  2001285c    00000004     subscribe_publish_sample_pem4.oem4 (.text:ti_sysbios_knl_Task_delete)
                  20012860    0000004c     sysbios.aem4 : BIOS.obj (.text:ti_sysbios_knl_Swi_runLoop__I)
                  200128ac    00000004     ti.targets.arm.rtsarm.aem4 : Error.oem4 (.text:xdc_runtime_Error_getSite__E)
                  200128b0    0000004c     sysbios.aem4 : BIOS.obj (.text:ti_sysbios_knl_Task_allBlockedFunction__I)
                  200128fc    0000004c     driverlib.a : udma.obj (.text:uDMAChannelAssign)
                  20012948    00000048                 : flash.obj (.text:FlashDisable)
                  20012990    00000048                 : prcm.obj (.text:PRCMHibernateWakeupSourceEnable)
                  200129d8    00000048                 : pin.obj (.text:PinConfigGet)
                  20012a20    00000048                 : spi.obj (.text:SPIIntClear)
                  20012a68    00000048     cc3x00_host_driver.aem4 : driver.oem4 (.text:_SlRemoveFromList)
                  20012ab0    00000048     network_sl.aem4 : tls_sl.oem4 (.text:flashFile)
                  20012af8    00000048     drivers_cc32xxware.aem4 : PowerCC3200.oem4 (.text:notify)
                  20012b40    00000048     rtsv7M4_T_le_eabi.lib : fd_toi_t2.obj (.text)
                  20012b88    00000048     cc3x00_host_driver.aem4 : socket.oem4 (.text:sl_Recv)
                  20012bd0    00000048     sysbios.aem4 : BIOS.obj (.text:ti_sysbios_family_arm_m3_Hwi_disableInterrupt__E)
                  20012c18    00000048                  : BIOS.obj (.text:ti_sysbios_family_arm_m3_Hwi_enableInterrupt__E)
                  20012c60    00000048                  : BIOS.obj (.text:ti_sysbios_family_arm_m3_Hwi_excReserved__I)
                  20012ca8    00000048                  : m3_Hwi_asm_switch.obj (.text:ti_sysbios_family_arm_m3_Hwi_initStacks__E)
                  20012cf0    00000048                  : BIOS.obj (.text:ti_sysbios_family_arm_m3_Timer_initDevice__I)
                  20012d38    00000048                  : BIOS.obj (.text:ti_sysbios_family_arm_m3_Timer_setPeriod__E)
                  20012d80    00000048                  : BIOS.obj (.text:ti_sysbios_knl_Mailbox_Module_startup__E)
                  20012dc8    00000046     drivers_cc32xxware.aem4 : RingBuf.oem4 (.text:RingBuf_put)
                  20012e0e    00000046     aws_iot_sl.aem4 : aws_iot_mqtt_client_common_internal.o (.text:aws_iot_mqtt_internal_write_len_to_buffer)
                  20012e54    00000046                     : aws_iot_mqtt_client_common_internal.o (.text:aws_iot_mqtt_internal_write_uint_16)
                  20012e9a    00000046     rtsv7M4_T_le_eabi.lib : ldexp.obj (.text)
                  20012ee0    00000046     ti.targets.arm.rtsarm.aem4 : Core-params.oem4 (.text:xdc_runtime_Core_assignParams__I)
                  20012f26    00000002     --HOLE-- [fill = 0]
                  20012f28    00000044     driverlib.a : prcm.obj (.text:PRCMLPDSEnter)
                  20012f6c    00000044     drivers_cc32xxware.aem4 : PowerCC3200_asm.oem4 (.text:PowerCC3200_enterLPDS)
                  20012fb0    00000044     driverlib.a : spi.obj (.text:SPIDmaMaskGet)
                  20012ff4    00000044     drivers_cc32xxware.aem4 : UARTCC3200.oem4 (.text:UARTCC3200_hwiIntFxn)
                  20013038    00000044     cc3x00_host_driver.aem4 : driver.oem4 (.text:_SlAsyncEventGenericHandler)
                  2001307c    00000044     boot.aem4 : boot.oem4 (.text)
                  200130c0    00000044     rtsv7M4_T_le_eabi.lib : exit.obj (.text)
                  20013104    00000044     cc3x00_host_driver.aem4 : wlan.oem4 (.text:sl_WlanPolicySet)
                  20013148    00000044     sysbios.aem4 : BIOS.obj (.text:ti_sysbios_family_arm_cc32xx_Seconds_set__E)
                  2001318c    00000004     subscribe_publish_sample_pem4.oem4 (.text:xdc_runtime_System_Module_GateProxy_enter__E)
                  20013190    00000044     sysbios.aem4 : BIOS.obj (.text:ti_sysbios_family_arm_m3_Hwi_getStackInfo__E)
                  200131d4    00000004     subscribe_publish_sample_pem4.oem4 (.text:xdc_runtime_System_Module_GateProxy_leave__E)
                  200131d8    00000044     sysbios.aem4 : BIOS.obj (.text:ti_sysbios_knl_Swi_post__E)
                  2001321c    00000044     ti.targets.arm.rtsarm.aem4 : Error.oem4 (.text:xdc_runtime_Error_setX__E)
                  20013260    00000044                                : Text.oem4 (.text:xdc_runtime_Text_xprintf__I)
                  200132a4    00000042     drivers_cc32xxware.aem4 : PowerCC3200_asm.oem4 (.text:PowerCC3200_resumeLPDS)
                  200132e6    00000042                             : UARTCC3200.oem4 (.text:UARTCC3200_writePolling)
                  20013328    00000042     aws_iot_sl.aem4 : aws_iot_mqtt_client_common_internal.o (.text:aws_iot_mqtt_internal_get_final_packet_length_from_remaining_length)
                  2001336a    00000042                     : aws_iot_mqtt_client_common_internal.o (.text:aws_iot_mqtt_internal_read_uint16_t)
                  200133ac    00000042                     : aws_iot_mqtt_client.o (.text:aws_iot_mqtt_set_client_state)
                  200133ee    00000002     --HOLE-- [fill = 0]
                  200133f0    00000040     drivers_cc32xxware.aem4 : GPIOCC3200.oem4 (.text:GPIO_enableInt)
                  20013430    00000040     driverlib.a : pin.obj (.text:PinModeSet)
                  20013470    00000040     drivers_cc32xxware.aem4 : PowerCC3200.oem4 (.text:Power_setDependency)
                  200134b0    00000040                             : RingBuf.oem4 (.text:RingBuf_get)
                  200134f0    00000040                             : UARTCC3200.oem4 (.text:UARTCC3200_read)
                  20013530    00000040     cc3x00_host_driver.aem4 : driver.oem4 (.text:_SlDrvRxIrqHandler)
                  20013570    00000040                             : socket.oem4 (.text:_sl_HandleAsync_Select)
                  200135b0    00000040     sntp_sl.aem4 : sntp.oem4 (.text:changeServer)
                  200135f0    00000040     aws_iot_sl.aem4 : network_sl.o (.text:iot_tls_disconnect)
                  20013630    00000040     drivers_wifi_cc32xxware.aem4 : osi_tirtos.oem4 (.text:osi_LockObjLock)
                  20013670    00000040                                  : osi_tirtos.oem4 (.text:osi_SyncObjCreate)
                  200136b0    00000040                                  : osi_tirtos.oem4 (.text:osi_SyncObjWait)
                  200136f0    00000040     rtsv7M4_T_le_eabi.lib : signal.obj (.text)
                  20013730    00000040                           : u_divt2.obj (.text)
                  20013770    00000040     sysbios.aem4 : BIOS.obj (.text:ti_sysbios_heaps_HeapMem_Instance_init__E)
                  200137b0    0000003e     aws_iot_sl.aem4 : aws_iot_mqtt_client_yield.o (.text:_aws_iot_mqtt_handle_disconnect)
                  200137ee    0000003e     network_sl.aem4 : certconv.oem4 (.text:base64Decode)
                  2001382c    0000003e     subscribe_publish_sample_pem4.oem4 (.text:realloc)
                  2001386a    00000002     --HOLE-- [fill = 0]
                  2001386c    0000003c     driverlib.a : prcm.obj (.text:PRCMPeripheralClkEnable)
                  200138a8    0000003c                 : prcm.obj (.text:PRCMSlowClkCtrFastGet)
                  200138e4    0000003c                 : pin.obj (.text:PinDirModeSet)
                  20013920    0000003c     drivers_cc32xxware.aem4 : WiFi.oem4 (.text:WiFi_open)
                  2001395c    0000003c     cc3x00_host_driver.aem4 : device.oem4 (.text:_sl_HandleAsync_Stop)
                  20013998    0000003c     aws_iot_sl.aem4 : network_sl.o (.text:iot_tls_set_connect_params)
                  200139d4    0000003c     drivers_wifi_cc32xxware.aem4 : WiFiCC3200.oem4 (.text:spi_Open)
                  20013a10    0000003c     sysbios.aem4 : BIOS.obj (.text:ti_sysbios_family_arm_m3_Hwi_excSvCall__I)
                  20013a4c    00000004     ti.targets.arm.rtsarm.aem4 : System.oem4 (.text:xdc_runtime_System_aprintf_va__F)
                  20013a50    0000003c     sysbios.aem4 : BIOS.obj (.text:ti_sysbios_family_arm_m3_Timer_setPeriodMicroSecs__E)
                  20013a8c    00000004     ti.targets.arm.rtsarm.aem4 : System.oem4 (.text:xdc_runtime_System_printf_va__F)
                  20013a90    0000003c     sysbios.aem4 : BIOS.obj (.text:ti_sysbios_heaps_HeapMem_init__I)
                  20013acc    00000004     --HOLE-- [fill = 0]
                  20013ad0    0000003c                  : BIOS.obj (.text:ti_sysbios_knl_Clock_walkQueuePeriodic__E)
                  20013b0c    00000004     --HOLE-- [fill = 0]
                  20013b10    0000003c                  : BIOS.obj (.text:ti_sysbios_knl_Swi_restore__E)
                  20013b4c    0000003c     driverlib.a : udma.obj (.text:uDMAChannelControlSet)
                  20013b88    0000003a     aws_iot_sl.aem4 : network_sl.o (.text:iot_tls_destroy)
                  20013bc2    00000002     --HOLE-- [fill = 0]
                  20013bc4    00000038     driverlib.a : prcm.obj (.text:PRCMIntEnable)
                  20013bfc    00000038     power_cc3200_tirtos.aem4 : PowerCC3200_tirtos.oem4 (.text:PowerCC3200_initPolicy)
                  20013c34    00000038     drivers_cc32xxware.aem4 : SPI.oem4 (.text:SPI_init)
                  20013c6c    00000038                             : UART.oem4 (.text:UART_init)
                  20013ca4    00000038                             : WiFi.oem4 (.text:WiFi_init)
                  20013cdc    00000038     aws_iot_sl.aem4 : aws_iot_mqtt_client_common_internal.o (.text:aws_iot_mqtt_internal_write_utf8_string)
                  20013d14    00000038                     : timer.o (.text:left_ms)
                  20013d4c    00000038     drivers_wifi_cc32xxware.aem4 : osi_tirtos.oem4 (.text:osi_LockObjCreate)
                  20013d84    00000038     cc3x00_host_driver.aem4 : socket.oem4 (.text:sl_Htonl)
                  20013dbc    00000038     drivers_cc32xxware.aem4 : SPICC3200DMA.oem4 (.text:spiPollingTransfer16)
                  20013df4    00000038                             : SPICC3200DMA.oem4 (.text:spiPollingTransfer8)
                  20013e2c    00000004     --HOLE-- [fill = 0]
                  20013e30    00000038     sysbios.aem4 : BIOS.obj (.text:ti_sysbios_family_arm_cc32xx_Seconds_get__E)
                  20013e68    00000038                  : BIOS.obj (.text:ti_sysbios_family_arm_m3_Hwi_excNoIsr__I)
                  20013ea0    00000038                  : BIOS.obj (.text:ti_sysbios_knl_Task_processVitalTaskFlag__I)
                  20013ed8    00000038     ti.targets.arm.rtsarm.aem4 : System.oem4 (.text:xdc_runtime_System_atexit__E)
                  20013f10    00000036     driverlib.a : gpio.obj (.text:GPIODirModeSet)
                  20013f46    00000036     drivers_cc32xxware.aem4 : UARTCC3200.oem4 (.text:UARTCC3200_readCancel)
                  20013f7c    00000034     drivers_wifi_cc32xxware.aem4 : WiFiCC3200.oem4 (.text:CC3X00_NWP_disable)
                  20013fb0    00000034     driverlib.a : prcm.obj (.text:PRCMPeripheralStatusGet)
                  20013fe4    00000034                 : prcm.obj (.text:PRCMSRAMRetentionEnable)
                  20014018    00000034     drivers_cc32xxware.aem4 : PowerCC3200.oem4 (.text:Power_releaseDependency)
                  2001404c    00000034     driverlib.a : spi.obj (.text:SPIFIFOLevelSet)
                  20014080    00000034     UARTUtils.o (.text:UARTUtils_deviceread)
                  200140b4    00000034     UARTUtils.o (.text:UARTUtils_devicewrite)
                  200140e8    00000034     cc3x00_host_driver.aem4 : driver.oem4 (.text:_SlDrvBasicCmd)
                  2001411c    00000034                             : driver.oem4 (.text:_SlDrvProtectAsyncRespSetting)
                  20014150    00000034     UARTUtils.o (.text:closeHandle)
                  20014184    00000034     power_cc3200_tirtos.aem4 : PowerCC3200_tirtos.oem4 (.text:getCountsRTC)
                  200141b8    00000034     drivers_cc32xxware.aem4 : PowerCC3200.oem4 (.text:restorePeriphClocks)
                  200141ec    00000034     rtsv7M4_T_le_eabi.lib : feraiseexcept.obj (.text)
                  20014220    00000034                           : strstr.obj (.text)
                  20014254    00000034     cc3x00_host_driver.aem4 : socket.oem4 (.text:sl_Htons)
                  20014288    00000034     sysbios.aem4 : BIOS.obj (.text:ti_sysbios_family_arm_m3_Hwi_Instance_finalize__E)
                  200142bc    00000004     --HOLE-- [fill = 0]
                  200142c0    00000034                  : BIOS.obj (.text:ti_sysbios_family_arm_m3_Hwi_excNmi__I)
                  200142f4    00000004     --HOLE-- [fill = 0]
                  200142f8    00000034                  : BIOS.obj (.text:ti_sysbios_family_arm_m3_Timer_periodicStub__I)
                  2001432c    00000004     --HOLE-- [fill = 0]
                  20014330    00000034                  : BIOS.obj (.text:ti_sysbios_hal_Hwi_checkStack)
                  20014364    00000034     subscribe_publish_sample_pem4.oem4 (.text:ti_sysbios_knl_Clock_construct)
                  20014398    00000034     subscribe_publish_sample_pem4.oem4 (.text:ti_sysbios_knl_Semaphore_create)
                  200143cc    00000034     ti.targets.arm.rtsarm.aem4 : Core-label.oem4 (.text:xdc_runtime_Core_assignLabel__I)
                  20014400    00000033                                : Text.oem4 (.text:xdc_runtime_Text_printVisFxn__I)
                  20014433    00000001     --HOLE-- [fill = 0]
                  20014434    00000032     network_sl.aem4 : ssock.oem4 (.text:Ssock_recv)
                  20014466    00000032     drivers_cc32xxware.aem4 : SPICC3200DMA.oem4 (.text:spiPollingTransfer32)
                  20014498    00000032     sysbios.aem4 : BIOS.obj (.text:ti_sysbios_hal_Hwi_initStack)
                  200144ca    00000002     --HOLE-- [fill = 0]
                  200144cc    00000030     drivers_cc32xxware.aem4 : GPIOCC3200.oem4 (.text:GPIO_read)
                  200144fc    00000030     driverlib.a : pin.obj (.text:PinTypeGPIO)
                  2001452c    00000030     drivers_cc32xxware.aem4 : PowerCC3200.oem4 (.text:Power_releaseConstraint)
                  2001455c    00000030                             : PowerCC3200.oem4 (.text:Power_setConstraint)
                  2001458c    00000030                             : SPI.oem4 (.text:SPI_open)
                  200145bc    00000030     netwifi.o (.text:SimpleLinkWlanEventHandler)
                  200145ec    00000030     driverlib.a : uart.obj (.text:UARTDisable)
                  2001461c    00000030     drivers_cc32xxware.aem4 : UART.oem4 (.text:UART_open)
                  2001464c    00000030     aws_iot_sl.aem4 : aws_iot_mqtt_client_subscribe.o (.text:_aws_iot_mqtt_get_free_message_handler_index)
                  2001467c    00000030     drivers_wifi_cc32xxware.aem4 : WiFiCC3200.oem4 (.text:registerInterruptHandler)
                  200146ac    00000030     rtsv7M4_T_le_eabi.lib : strncpy.obj (.text)
                  200146dc    00000030                           : xferaise.obj (.text)
                  2001470c    00000030     cc3x00_host_driver.aem4 : socket.oem4 (.text:sl_Socket)
                  2001473c    00000030     subscribe_publish_sample_pem4.oem4 (.text:ti_sysbios_BIOS_atExitFunc__I)
                  2001476c    00000004     --HOLE-- [fill = 0]
                  20014770    00000030     sysbios.aem4 : BIOS.obj (.text:ti_sysbios_family_arm_m3_TaskSupport_start__E)
                  200147a0    00000030     subscribe_publish_sample_pem4.oem4 (.text:ti_sysbios_gates_GateHwi_Object__create__S)
                  200147d0    00000030     subscribe_publish_sample_pem4.oem4 (.text:ti_sysbios_gates_GateMutex_Object__create__S)
                  20014800    00000030     sysbios.aem4 : BIOS.obj (.text:ti_sysbios_gates_GateMutex_enter__E)
                  20014830    00000030     subscribe_publish_sample_pem4.oem4 (.text:ti_sysbios_heaps_HeapMem_Object__create__S)
                  20014860    00000030     subscribe_publish_sample_pem4.oem4 (.text:ti_sysbios_knl_Event_create)
                  20014890    00000030     sysbios.aem4 : BIOS.obj (.text:ti_sysbios_knl_Event_pendTimeout__I)
                  200148c0    00000030                  : BIOS.obj (.text:ti_sysbios_knl_Mailbox_postInit__I)
                  200148f0    00000030     subscribe_publish_sample_pem4.oem4 (.text:ti_sysbios_knl_Semaphore_construct)
                  20014920    00000030     sysbios.aem4 : BIOS.obj (.text:ti_sysbios_knl_Semaphore_pendTimeout__I)
                  20014950    00000030                  : BIOS.obj (.text:ti_sysbios_knl_Task_unblockI__E)
                  20014980    00000030     ti.targets.arm.rtsarm.aem4 : System.oem4 (.text:xdc_runtime_System_processAtExit__E)
                  200149b0    0000002e     UARTUtils.o (.text:UARTUtils_deviceopen)
                  200149de    0000002e     subscribe_publish_sample_pem4.oem4 (.text:malloc)
                  20014a0c    0000002e     rtsv7M4_T_le_eabi.lib : i_tofd_t2.obj (.text)
                  20014a3a    0000002e                           : raise.obj (.text)
                  20014a68    0000002c     drivers_wifi_cc32xxware.aem4 : WiFiCC3200.oem4 (.text:CC3X00_NWP_enable)
                  20014a94    0000002c     driverlib.a : prcm.obj (.text:PRCMLPDSIntervalSet)
                  20014ac0    0000002c                 : prcm.obj (.text:PRCMSysResetCauseGet)
                  20014aec    0000002c     sntp_sl.aem4 : sntp.oem4 (.text:SNTP_forceTimeSync)
                  20014b18    0000002c     aws_iot_sl.aem4 : timer.o (.text:msToTicks)
                  20014b44    0000002c                     : network_sl.o (.text:setsockopt)
                  20014b70    0000002c     subscribe_publish_sample_pem4.oem4 (.text:ti_sysbios_knl_Clock_doTick__I)
                  20014b9c    0000002c     subscribe_publish_sample_pem4.oem4 (.text:ti_sysbios_knl_Queue_construct)
                  20014bc8    0000002c     sysbios.aem4 : BIOS.obj (.text:ti_sysbios_knl_Task_restore__E)
                  20014bf4    0000002c     aws_iot_sl.aem4 : timer.o (.text:ticksToMs)
                  20014c20    0000002c     ti.targets.arm.rtsarm.aem4 : Text.oem4 (.text:xdc_runtime_Text_cordText__E)
                  20014c4c    0000002a     driverlib.a : spi.obj (.text:SPIDataGetNonBlocking)
                  20014c76    0000002a     cc3x00_host_driver.aem4 : socket.oem4 (.text:_sl_BuildAddress)
                  20014ca0    0000002a     rtsv7M4_T_le_eabi.lib : xdclass.obj (.text)
                  20014cca    0000002a     ti.targets.arm.rtsarm.aem4 : System.oem4 (.text:xdc_runtime_System_putchar__I)
                  20014cf4    00000028     driverlib.a : prcm.obj (.text:PRCMLPDSWakeupSourceEnable)
                  20014d1c    00000028                 : prcm.obj (.text:PRCMPeripheralClkDisable)
                  20014d44    00000028     drivers_cc32xxware.aem4 : PowerCC3200.oem4 (.text:Power_registerNotify)
                  20014d6c    00000028     network_sl.aem4 : ssock.oem4 (.text:Ssock_recvall)
                  20014d94    00000028     aws_iot_sl.aem4 : aws_iot_mqtt_client_yield.o (.text:_aws_iot_mqtt_force_client_disconnect)
                  20014dbc    00000028     drivers_cc32xxware.aem4 : UARTCC3200.oem4 (.text:releasePowerConstraint)
                  20014de4    00000004     --HOLE-- [fill = 0]
                  20014de8    00000028     sysbios.aem4 : BIOS.obj (.text:ti_sysbios_knl_Clock_addI__E)
                  20014e10    00000028                  : BIOS.obj (.text:ti_sysbios_knl_Swi_Module_startup__E)
                  20014e38    00000028     driverlib.a : udma.obj (.text:uDMAChannelIsEnabled)
                  20014e60    00000026     drivers_cc32xxware.aem4 : List.oem4 (.text:List_put)
                  20014e86    00000026     aws_iot_sl.aem4 : aws_iot_mqtt_client.o (.text:aws_iot_mqtt_get_next_packet_id)
                  20014eac    00000026     network_sl.aem4 : ssock_sl.oem4 (.text:fileExists)
                  20014ed2    00000026     aws_iot_sl.aem4 : network_sl.o (.text:gethostbyname)
                  20014ef8    00000026     startsntp.o (.text:gethostbyname)
                  20014f1e    00000026     rtsv7M4_T_le_eabi.lib : strncmp.obj (.text)
                  20014f44    00000026     ti.targets.arm.rtsarm.aem4 : System.oem4 (.text:xdc_runtime_System_avprintf__E)
                  20014f6a    00000002     --HOLE-- [fill = 0]
                  20014f6c    00000024     driverlib.a : prcm.obj (.text:PRCMLPDSWakeUpGPIOSelect)
                  20014f90    00000024     netwifi.o (.text:SimpleLinkNetAppEventHandler)
                  20014fb4    00000024     network_sl.aem4 : tls_sl.oem4 (.text:TLS_delete)
                  20014fd8    00000024     driverlib.a : uart.obj (.text:UARTCharPutNonBlocking)
                  20014ffc    00000024                 : uart.obj (.text:UARTEnable)
                  20015020    00000024     UARTUtils.o (.text:UARTUtils_systemAbort)
                  20015044    00000024     drivers_wifi_cc32xxware.aem4 : osi_tirtos.oem4 (.text:osi_Spawn)
                  20015068    00000024     cc3x00_host_driver.aem4 : socket.oem4 (.text:sl_Close)
                  2001508c    00000024                             : wlan.oem4 (.text:sl_WlanProfileDel)
                  200150b0    00000024                             : wlan.oem4 (.text:sl_WlanSetMode)
                  200150d4    00000024     subscribe_publish_sample_pem4.oem4 (.text:ti_sysbios_BIOS_registerRTSLock__I)
                  200150f8    00000024     subscribe_publish_sample_pem4.oem4 (.text:ti_sysbios_BIOS_removeRTSLock__I)
                  2001511c    00000024     subscribe_publish_sample_pem4.oem4 (.text:ti_sysbios_BIOS_startFunc__I)
                  20015140    00000024     sysbios.aem4 : BIOS.obj (.text:ti_sysbios_family_arm_m3_Timer_Module_startup__E)
                  20015164    00000004     --HOLE-- [fill = 0]
                  20015168    00000024                  : BIOS.obj (.text:ti_sysbios_family_arm_m3_Timer_postInit__I)
                  2001518c    00000004     --HOLE-- [fill = 0]
                  20015190    00000024                  : BIOS.obj (.text:ti_sysbios_family_arm_m3_Timer_startup__E)
                  200151b4    00000024     subscribe_publish_sample_pem4.oem4 (.text:ti_sysbios_gates_GateMutex_Object__delete__S)
                  200151d8    00000024     sysbios.aem4 : BIOS.obj (.text:ti_sysbios_knl_Clock_Module_startup__E)
                  200151fc    00000004     --HOLE-- [fill = 0]
                  20015200    00000024                  : BIOS.obj (.text:ti_sysbios_knl_Clock_start__E)
                  20015224    00000004     --HOLE-- [fill = 0]
                  20015228    00000024                  : BIOS.obj (.text:ti_sysbios_knl_Semaphore_Instance_init__E)
                  2001524c    00000024     subscribe_publish_sample_pem4.oem4 (.text:ti_sysbios_knl_Semaphore_Object__delete__S)
                  20015270    00000024     sysbios.aem4 : BIOS.obj (.text:ti_sysbios_knl_Task_restoreHwi__E)
                  20015294    00000024     ti.targets.arm.rtsarm.aem4 : System.oem4 (.text:xdc_runtime_System_vprintf__E)
                  200152b8    00000022     driverlib.a : gpio.obj (.text:GPIOIntStatus)
                  200152da    00000022                 : spi.obj (.text:SPIReset)
                  200152fc    00000022                 : spi.obj (.text:SPIWordCountSet)
                  2001531e    00000022     aws_iot_sl.aem4 : aws_iot_mqtt_client.o (.text:aws_iot_mqtt_autoreconnect_set_status)
                  20015340    00000022     rtsv7M4_T_le_eabi.lib : frexp.obj (.text)
                  20015362    00000020     driverlib.a : gpio.obj (.text:GPIOPinWrite)
                  20015382    00000002     --HOLE-- [fill = 0]
                  20015384    00000020                 : prcm.obj (.text:PRCMLPDSRestoreInfoSet)
                  200153a4    00000020     drivers_cc32xxware.aem4 : PowerCC3200.oem4 (.text:Power_idleFunc)
                  200153c4    00000020                             : PowerCC3200.oem4 (.text:Power_unregisterNotify)
                  200153e4    00000020     driverlib.a : spi.obj (.text:SPIDataGet)
                  20015404    00000020     UARTUtils.o (.text:UARTUtils_systemPutch)
                  20015424    00000020     aws_iot_sl.aem4 : aws_iot_mqtt_client_common_internal.o (.text:aws_iot_mqtt_internal_read_char)
                  20015444    00000020                     : aws_iot_mqtt_client_common_internal.o (.text:aws_iot_mqtt_internal_write_char)
                  20015464    00000020     drivers_cc32xxware.aem4 : SPICC3200DMA.oem4 (.text:getPowerMgrId)
                  20015484    00000020                             : UARTCC3200.oem4 (.text:getPowerMgrId)
                  200154a4    00000020     aws_iot_sl.aem4 : timer.o (.text:has_timer_expired)
                  200154c4    00000020     rtsv7M4_T_le_eabi.lib : memchr.obj (.text)
                  200154e4    00000020     aws_iot_sl.aem4 : network_sl.o (.text:socket)
                  20015504    00000020     subscribe_publish_sample_pem4.oem4 (.text:ti_sysbios_BIOS_rtsLock__I)
                  20015524    00000004     --HOLE-- [fill = 0]
                  20015528    00000020     sysbios.aem4 : BIOS.obj (.text:ti_sysbios_family_arm_m3_Hwi_clearInterrupt__E)
                  20015548    00000020                  : m3_Hwi_asm.obj (.text:ti_sysbios_family_arm_m3_Hwi_excHandlerAsm__I)
                  20015568    00000020                  : BIOS.obj (.text:ti_sysbios_family_arm_m3_Hwi_excHandler__I)
                  20015588    00000020     subscribe_publish_sample_pem4.oem4 (.text:ti_sysbios_gates_GateHwi_Object__delete__S)
                  200155a8    00000020     subscribe_publish_sample_pem4.oem4 (.text:ti_sysbios_heaps_HeapMem_Object__delete__S)
                  200155c8    00000020     subscribe_publish_sample_pem4.oem4 (.text:ti_sysbios_knl_Clock_Object__destruct__S)
                  200155e8    00000020     subscribe_publish_sample_pem4.oem4 (.text:ti_sysbios_knl_Event_Object__delete__S)
                  20015608    00000020     sysbios.aem4 : BIOS.obj (.text:ti_sysbios_knl_Idle_run__E)
                  20015628    00000020     subscribe_publish_sample_pem4.oem4 (.text:ti_sysbios_knl_Mailbox_Object__delete__S)
                  20015648    00000020     subscribe_publish_sample_pem4.oem4 (.text:ti_sysbios_knl_Semaphore_Object__destruct__S)
                  20015668    00000020     subscribe_publish_sample_pem4.oem4 (.text:ti_sysbios_knl_Task_Object__delete__S)
                  20015688    00000020     ti.targets.arm.rtsarm.aem4 : Registry.oem4 (.text:xdc_runtime_Registry_findById__E)
                  200156a8    0000001e     driverlib.a : spi.obj (.text:SPIDataPut)
                  200156c6    0000001e                 : uart.obj (.text:UARTCharPut)
                  200156e4    0000001e                 : uart.obj (.text:UARTIntStatus)
                  20015702    0000001e     drivers_wifi_cc32xxware.aem4 : WiFiCC3200.oem4 (.text:WiFiCC3200_close)
                  20015720    0000001e     network_sl.aem4 : tls_sl.oem4 (.text:getTLSMethod)
                  2001573e    0000001e     rtsv7M4_T_le_eabi.lib : strcat.obj (.text)
                  2001575c    0000001e     subscribe_publish_sample_pem4.oem4 (.text:ti_sysbios_BIOS_errorRaiseHook__I)
                  2001577a    0000001e     sysbios.aem4 : m3_Hwi_asm_switch.obj (.text:ti_sysbios_family_xxx_Hwi_switchAndRunFunc)
                  20015798    0000001c     drivers_cc32xxware.aem4 : SPICC3200DMA.oem4 (.text:SPICC3200DMA_init)
                  200157b4    0000001c     network_sl.aem4 : ssock.oem4 (.text:Ssock_delete)
                  200157d0    0000001c                     : ssock.oem4 (.text:Ssock_destruct)
                  200157ec    0000001c     driverlib.a : uart.obj (.text:UARTCharGetNonBlocking)
                  20015808    0000001c                 : uart.obj (.text:UARTFlowControlSet)
                  20015824    0000001c     cc3x00_host_driver.aem4 : driver.oem4 (.text:_SlDrvProtectionObjLockWaitForever)
                  20015840    0000001c                             : socket.oem4 (.text:_sl_TruncatePayloadByProtocol)
                  2001585c    0000001c     aws_iot_sl.aem4 : network_sl.o (.text:connect)
                  20015878    0000001c     rtsv7M4_T_le_eabi.lib : memccpy.obj (.text)
                  20015894    0000001c     subscribe_publish_sample_pem4.oem4 (.text:ti_sysbios_family_arm_m3_Hwi_Object__destruct__S)
                  200158b0    0000001c     sysbios.aem4 : BIOS.obj (.text:ti_sysbios_family_arm_m3_Timer_stop__E)
                  200158cc    00000004     --HOLE-- [fill = 0]
                  200158d0    0000001c                  : BIOS.obj (.text:ti_sysbios_gates_GateMutex_Instance_init__E)
                  200158ec    00000004     --HOLE-- [fill = 0]
                  200158f0    0000001c                  : BIOS.obj (.text:ti_sysbios_knl_Clock_Instance_finalize__E)
                  2001590c    0000001c     subscribe_publish_sample_pem4.oem4 (.text:ti_sysbios_knl_Queue_Object__destruct__S)
                  20015928    0000001c     sysbios.aem4 : BIOS.obj (.text:ti_sysbios_knl_Queue_get__E)
                  20015944    00000004     --HOLE-- [fill = 0]
                  20015948    0000001c                  : BIOS.obj (.text:ti_sysbios_knl_Queue_put__E)
                  20015964    00000004     --HOLE-- [fill = 0]
                  20015968    0000001c                  : BIOS.obj (.text:ti_sysbios_knl_Task_enter__I)
                  20015984    0000001c     driverlib.a : udma.obj (.text:uDMAChannelEnable)
                  200159a0    0000001c     drivers_wifi_cc32xxware.aem4 : osi_tirtos.oem4 (.text:vSimpleLinkSpawnTask)
                  200159bc    0000001c     ti.targets.arm.rtsarm.aem4 : Error.oem4 (.text:xdc_runtime_Error_raiseX__E)
                  200159d8    0000001c                                : Memory.oem4 (.text:xdc_runtime_Memory_valloc__E)
                  200159f4    0000001c                                : System.oem4 (.text:xdc_runtime_System_abort__E)
                  20015a10    0000001a     cc3x00_host_driver.aem4 : netapp.oem4 (.text:CopyPingResultsToReport)
                  20015a2a    0000001a     driverlib.a : gpio.obj (.text:GPIOIntEnable)
                  20015a44    0000001a     drivers_cc32xxware.aem4 : List.oem4 (.text:List_remove)
                  20015a5e    0000001a     driverlib.a : pin.obj (.text:PinTypeUART)
                  20015a78    0000001a                 : spi.obj (.text:SPIDmaDisable)
                  20015a92    0000001a                 : spi.obj (.text:SPIDmaEnable)
                  20015aac    0000001a                 : spi.obj (.text:SPIFIFODisable)
                  20015ac6    0000001a                 : spi.obj (.text:SPIFIFOEnable)
                  20015ae0    0000001a     sysbios.aem4 : m3_Hwi_asm.obj (.text:ti_sysbios_family_arm_m3_Hwi_pendSV__I)
                  20015afa    0000001a     subscribe_publish_sample_pem4.oem4 (.text:xdc_runtime_System_aprintf__E)
                  20015b14    0000001a     subscribe_publish_sample_pem4.oem4 (.text:xdc_runtime_System_printf__E)
                  20015b2e    0000001a     network_sl.aem4 : tls_sl.oem4 (.text:xsnprintf)
                  20015b48    00000018     driverlib.a : gpio.obj (.text:GPIOPinRead)
                  20015b60    00000018                 : spi.obj (.text:SPICSDisable)
                  20015b78    00000018                 : spi.obj (.text:SPICSEnable)
                  20015b90    00000018                 : spi.obj (.text:SPIDisable)
                  20015ba8    00000018                 : spi.obj (.text:SPIEnable)
                  20015bc0    00000018     network_sl.aem4 : ssock.oem4 (.text:Ssock_create)
                  20015bd8    00000018     driverlib.a : uart.obj (.text:UARTBusy)
                  20015bf0    00000018                 : uart.obj (.text:UARTFIFOLevelSet)
                  20015c08    00000018                 : uart.obj (.text:UARTIntDisable)
                  20015c20    00000018                 : uart.obj (.text:UARTIntEnable)
                  20015c38    00000018     UARTUtils.o (.text:UARTUtils_deviceclose)
                  20015c50    00000018     drivers_cc32xxware.aem4 : UART.oem4 (.text:UART_Params_init)
                  20015c68    00000018     drivers_wifi_cc32xxware.aem4 : osi_tirtos.oem4 (.text:VDeleteSimpleLinkSpawnTask)
                  20015c80    00000018                                  : WiFiCC3200.oem4 (.text:WiFiCC3200_init)
                  20015c98    00000018     cc3x00_host_driver.aem4 : driver.oem4 (.text:_SlDrvProtectionObjUnLock)
                  20015cb0    00000018     subscribe_publish_sample_pem4.oem4 (.text:free)
                  20015cc8    00000018     rtsv7M4_T_le_eabi.lib : args_main.obj (.text)
                  20015ce0    00000018                           : ll_mul_t2.obj (.text)
                  20015cf8    00000018                           : strcmp.obj (.text)
                  20015d10    00000018     drivers_wifi_cc32xxware.aem4 : WiFiCC3200.oem4 (.text:spi_Close)
                  20015d28    00000018     subscribe_publish_sample_pem4.oem4 (.text:ti_sysbios_BIOS_rtsUnlock__I)
                  20015d40    00000018     subscribe_publish_sample_pem4.oem4 (.text:ti_sysbios_family_arm_m3_Hwi_Handle__label__S)
                  20015d58    00000018     subscribe_publish_sample_pem4.oem4 (.text:ti_sysbios_family_arm_m3_Hwi_Module__startupDone__F)
                  20015d70    00000018     subscribe_publish_sample_pem4.oem4 (.text:ti_sysbios_family_arm_m3_Timer_Module__startupDone__F)
                  20015d88    00000018     subscribe_publish_sample_pem4.oem4 (.text:ti_sysbios_gates_GateHwi_Handle__label__S)
                  20015da0    00000018     subscribe_publish_sample_pem4.oem4 (.text:ti_sysbios_gates_GateMutex_Handle__label__S)
                  20015db8    00000018     sysbios.aem4 : BIOS.obj (.text:ti_sysbios_gates_GateMutex_leave__E)
                  20015dd0    00000018     subscribe_publish_sample_pem4.oem4 (.text:ti_sysbios_heaps_HeapMem_Handle__label__S)
                  20015de8    00000018     subscribe_publish_sample_pem4.oem4 (.text:ti_sysbios_knl_Swi_Handle__label__S)
                  20015e00    00000018     subscribe_publish_sample_pem4.oem4 (.text:ti_sysbios_knl_Task_Handle__label__S)
                  20015e18    00000018     sysbios.aem4 : BIOS.obj (.text:ti_sysbios_knl_Task_sleepTimeout__I)
                  20015e30    00000018     subscribe_publish_sample_pem4.oem4 (.text:time)
                  20015e48    00000018     ti.targets.arm.rtsarm.aem4 : Error.oem4 (.text:xdc_runtime_Error_check__E)
                  20015e60    00000018                                : System.oem4 (.text:xdc_runtime_System_exit__E)
                  20015e78    00000018                                : Text.oem4 (.text:xdc_runtime_Text_ropeText__E)
                  20015e90    00000016     tirtosport.aem4 : ClockP_tirtos.oem4 (.text:ClockP_delete)
                  20015ea6    00000016                     : HwiP_tirtos.oem4 (.text:HwiP_delete)
                  20015ebc    00000016     driverlib.a : prcm.obj (.text:PRCMHIBRegRead)
                  20015ed2    00000016                 : prcm.obj (.text:PRCMHIBRegWrite)
                  20015ee8    00000016     tirtosport.aem4 : SemaphoreP_tirtos.oem4 (.text:SemaphoreP_delete)
                  20015efe    00000016     driverlib.a : uart.obj (.text:UARTCharGet)
                  20015f14    00000016     cc3x00_host_driver.aem4 : fs.oem4 (.text:_sl_Strlen)
                  20015f2a    00000016     aws_iot_sl.aem4 : aws_iot_mqtt_client.o (.text:aws_iot_mqtt_get_client_state)
                  20015f40    00000016                     : timer.o (.text:init_timer)
                  20015f56    00000016     rtsv7M4_T_le_eabi.lib : strchr.obj (.text)
                  20015f6c    00000016     drivers_cc32xxware.aem4 : UARTCC3200.oem4 (.text:startTxFifoEmptyClk)
                  20015f82    00000016     subscribe_publish_sample_pem4.oem4 (.text:ti_sysbios_BIOS_exitFunc__I)
                  20015f98    00000016     startsntp.o (.text:ti_sysbios_knl_Semaphore_Params_init)
                  20015fae    00000016     main.o (.text:ti_sysbios_knl_Task_Params_init)
                  20015fc4    00000014     driverlib.a : cpu.obj (.text:CPUcpsid)
                  20015fd8    00000014                 : cpu.obj (.text:CPUcpsie)
                  20015fec    00000014                 : gpio.obj (.text:GPIOIntClear)
                  20016000    00000014     drivers_cc32xxware.aem4 : SPI.oem4 (.text:SPI_Params_init)
                  20016014    00000014     network_sl.aem4 : ssock.oem4 (.text:Ssock_construct)
                  20016028    00000014     UARTUtils.o (.text:UARTUtils_systemReady)
                  2001603c    00000014     drivers_wifi_cc32xxware.aem4 : WiFiCC3200.oem4 (.text:hostDriverInterruptHandler)
                  20016050    00000014                                  : osi_tirtos.oem4 (.text:osi_SyncObjClear)
                  20016064    00000014     rtsv7M4_T_le_eabi.lib : _lock.obj (.text)
                  20016078    00000014                           : strcpy.obj (.text)
                  2001608c    00000014                           : strlen.obj (.text)
                  200160a0    00000014     subscribe_publish_sample_pem4.oem4 (.text:ti_sysbios_family_arm_m3_Hwi_Object__get__S)
                  200160b4    00000004     --HOLE-- [fill = 0]
                  200160b8    00000014     sysbios.aem4 : BIOS.obj (.text:ti_sysbios_family_arm_m3_Hwi_switchFromBootStack__E)
                  200160cc    00000014     subscribe_publish_sample_pem4.oem4 (.text:ti_sysbios_heaps_HeapMem_Object__get__S)
                  200160e0    00000014     sysbios.aem4 : BIOS.obj (.text:ti_sysbios_knl_Clock_tickReconfig__E)
                  200160f4    00000004     --HOLE-- [fill = 0]
                  200160f8    00000014                  : BIOS.obj (.text:ti_sysbios_knl_Event_Instance_init__E)
                  2001610c    00000014     subscribe_publish_sample_pem4.oem4 (.text:ti_sysbios_knl_Swi_Object__get__S)
                  20016120    00000014     startsntp.o (.text:timeUpdateHook)
                  20016134    00000014     driverlib.a : udma.obj (.text:uDMAControlBaseSet)
                  20016148    00000012     tirtosport.aem4 : ClockP_tirtos.oem4 (.text:ClockP_start)
                  2001615a    00000012     drivers_cc32xxware.aem4 : RingBuf.oem4 (.text:RingBuf_construct)
                  2001616c    00000012     tirtosport.aem4 : SemaphoreP_tirtos.oem4 (.text:SemaphoreP_pend)
                  2001617e    00000012     driverlib.a : uart.obj (.text:UARTIntClear)
                  20016190    00000012                 : uart.obj (.text:UARTRxErrorGet)
                  200161a2    00000012     UARTUtils.o (.text:UARTUtils_devicelseek)
                  200161b4    00000012     cc3x00_host_driver.aem4 : driver.oem4 (.text:_SlDrvObjLockWaitForever)
                  200161c6    00000012                             : driver.oem4 (.text:_SlDrvSyncObjWaitForever)
                  200161d8    00000012     sysbios.aem4 : BIOS.obj (.text:ti_sysbios_hal_Hwi_Module_startup__E)
                  200161ea    00000012     subscribe_publish_sample_pem4.oem4 (.text:xdc_runtime_Startup_exec__I)
                  200161fc    00000010     CC3200_LAUNCHXL.o (.text:CC3200_LAUNCHXL_initGeneral)
                  2001620c    00000010     CC3200_LAUNCHXL.o (.text:CC3200_LAUNCHXL_initWiFi)
                  2001621c    00000010     drivers_wifi_cc32xxware.aem4 : WiFiCC3200.oem4 (.text:CC3X00_NWP_maskInterrupt)
                  2001622c    00000010     cc3x00_host_driver.aem4 : socket.oem4 (.text:SL_FD_SET)
                  2001623c    00000010     driverlib.a : uart.obj (.text:UARTRxErrorClear)
                  2001624c    00000010     UARTUtils.o (.text:UARTUtils_devicerename)
                  2001625c    00000010     drivers_cc32xxware.aem4 : WiFi.oem4 (.text:WiFi_Params_init)
                  2001626c    00000010     cc3x00_host_driver.aem4 : device.oem4 (.text:_sl_GetStartResponseConvert)
                  2001627c    00000010     aws_iot_sl.aem4 : network_sl.o (.text:close)
                  2001628c    00000010                     : network_sl.o (.text:htons)
                  2001629c    00000010     startsntp.o (.text:htons)
                  200162ac    00000010     drivers_cc32xxware.aem4 : UARTCC3200.oem4 (.text:readBlockingTimeout)
                  200162bc    00000004     --HOLE-- [fill = 0]
                  200162c0    00000010     sysbios.aem4 : BIOS.obj (.text:ti_sysbios_BIOS_getCpuFreq__E)
                  200162d0    00000010                  : BIOS.obj (.text:ti_sysbios_BIOS_setThreadType__E)
                  200162e0    00000010                  : BIOS.obj (.text:ti_sysbios_BIOS_start__E)
                  200162f0    00000010                  : m3_TaskSupport_asm.obj (.text:ti_sysbios_family_arm_m3_TaskSupport_glue)
                  20016300    00000010                  : m3_TaskSupport_asm.obj (.text:ti_sysbios_family_arm_m3_TaskSupport_swap__E)
                  20016310    00000010                  : BIOS.obj (.text:ti_sysbios_gates_GateMutex_Instance_finalize__E)
                  20016320    00000010     subscribe_publish_sample_pem4.oem4 (.text:ti_sysbios_knl_Mailbox_Object__get__S)
                  20016330    00000010     sysbios.aem4 : BIOS.obj (.text:ti_sysbios_knl_Semaphore_Instance_finalize__E)
                  20016340    00000010                  : BIOS.obj (.text:ti_sysbios_knl_Swi_disable__E)
                  20016350    00000010     subscribe_publish_sample_pem4.oem4 (.text:ti_sysbios_knl_Task_Object__get__S)
                  20016360    00000010     sysbios.aem4 : BIOS.obj (.text:ti_sysbios_knl_Task_disable__E)
                  20016370    00000010     ti.targets.arm.rtsarm.aem4 : Gate.oem4 (.text:xdc_runtime_Gate_leaveSystem__E)
                  20016380    00000010                                : Memory.oem4 (.text:xdc_runtime_Memory_free__E)
                  20016390    00000010                                : SysCallback.oem4 (.text:xdc_runtime_SysCallback_abort__E)
                  200163a0    00000010                                : SysCallback.oem4 (.text:xdc_runtime_SysCallback_exit__E)
                  200163b0    00000010                                : SysCallback.oem4 (.text:xdc_runtime_SysCallback_flush__E)
                  200163c0    00000010                                : SysCallback.oem4 (.text:xdc_runtime_SysCallback_putch__E)
                  200163d0    00000010                                : SysCallback.oem4 (.text:xdc_runtime_SysCallback_ready__E)
                  200163e0    00000010                                : System.oem4 (.text:xdc_runtime_System_vsnprintf__E)
                  200163f0    0000000e     tirtosport.aem4 : HwiP_tirtos.oem4 (.text:HwiP_Params_init)
                  200163fe    0000000e     UARTUtils.o (.text:UARTUtils_deviceunlink)
                  2001640c    0000000e     cc3x00_host_driver.aem4 : driver.oem4 (.text:_SlDrvObjUnLock)
                  2001641a    0000000e                             : driver.oem4 (.text:_SlDrvSyncObjSignal)
                  20016428    0000000e     rtsv7M4_T_le_eabi.lib : copy_decompress_none.obj (.text:decompress:none)
                  20016436    00000002     --HOLE-- [fill = 0]
                  20016438    0000000e     sysbios.aem4 : BIOS.obj (.text:ti_sysbios_knl_Idle_loop__E)
                  20016446    00000002     --HOLE-- [fill = 0]
                  20016448    0000000e                  : BIOS.obj (.text:ti_sysbios_knl_Queue_empty__E)
                  20016456    00000002     --HOLE-- [fill = 0]
                  20016458    0000000c     drivers_wifi_cc32xxware.aem4 : WiFiCC3200.oem4 (.text:CC3X00_NWP_unMaskInterrupt)
                  20016464    0000000c     driverlib.a : cpu.obj (.text:CPUwfi)
                  20016470    0000000c     tirtosport.aem4 : ClockP_tirtos.oem4 (.text:ClockP_getSystemTickPeriod)
                  2001647c    0000000c     netwifi.o (.text:NetWiFi_isConnected)
                  20016488    0000000c     drivers_cc32xxware.aem4 : PowerCC3200.oem4 (.text:Power_getConstraintMask)
                  20016494    0000000c                             : PowerCC3200.oem4 (.text:Power_getDependencyCount)
                  200164a0    0000000c                             : RingBuf.oem4 (.text:RingBuf_peek)
                  200164ac    0000000c     netwifi.o (.text:SimpleLinkHttpServerCallback)
                  200164b8    0000000c     drivers_cc32xxware.aem4 : UARTCC3200.oem4 (.text:UARTCC3200_init)
                  200164c4    0000000c     rtsv7M4_T_le_eabi.lib : copy_zero_init.obj (.text:decompress:ZI)
                  200164d0    0000000c     aws_iot_sl.aem4 : network_sl.o (.text:htonl)
                  200164dc    0000000c     startsntp.o (.text:htonl)
[...]
20020ab8  _SlGetHostByServiceCtrl                                            
20020abc  _SlGetHostByNameCtrl                                               
20020ac0  _SlNetAppSetCmdCtrl                                                
20020ac4  _SlNetAppSendTokenValueCmdCtrl                                     
20020ac8  _SlNetAppGetCmdCtrl                                                
20020ad0  ti_sysbios_heaps_HeapMem_Module__FXNS__C                           
20020af8  SPI_config                                                         
20020b1c  UART_config                                                        
20020b40  UART_defaultParams                                                 
20020b64  RxMsgClassLUT                                                      
20020b88  ti_sysbios_gates_GateHwi_Module__FXNS__C                           
20020bac  ti_sysbios_gates_GateMutex_Module__FXNS__C                         
20020bd0  ti_sysbios_heaps_HeapMem_Object__PARAMS__C                         
20020bf4  ti_sysbios_knl_Clock_Object__PARAMS__C                             
20020c18  ti_sysbios_knl_Semaphore_Object__PARAMS__C                         
20020c7e  ti_sysbios_heaps_HeapMem_Module__id__C                             
20020c80  SPI_defaultParams                                                  
20020ca0  ti_sysbios_family_arm_m3_Hwi_Object__DESC__C                       
20020cc0  ti_sysbios_gates_GateHwi_Object__DESC__C                           
20020ce0  ti_sysbios_gates_GateMutex_Object__DESC__C                         
20020d00  ti_sysbios_heaps_HeapMem_Object__DESC__C                           
20020d20  ti_sysbios_knl_Clock_Object__DESC__C                               
20020d40  ti_sysbios_knl_Event_Object__DESC__C                               
20020d60  ti_sysbios_knl_Mailbox_Object__DESC__C                             
20020d80  ti_sysbios_knl_Queue_Object__DESC__C                               
20020da0  ti_sysbios_knl_Semaphore_Object__DESC__C                           
20020dc0  ti_sysbios_knl_Task_Object__DESC__C                                
20020de0  xdc_runtime_Startup_sfxnTab__A                                     
20020e00  WiFi_config                                                        
20020e30  ti_sysbios_gates_GateHwi_Object__PARAMS__C                         
20020e48  ti_sysbios_gates_GateMutex_Object__PARAMS__C                       
20020e60  ti_sysbios_knl_Event_Object__PARAMS__C                             
20020e78  ti_sysbios_knl_Queue_Object__PARAMS__C                             
20020e90  GPIOCC3200_config                                                  
20020ea4  _SlStopCmdCtrl                                                     
20020ea8  _SlEventMaskSetCmdCtrl                                             
20020eac  _SlEventMaskGetCmdCtrl                                             
20020eb0  _SlDeviceGetCmdCtrl                                                
20020eb4  _SlDeviceSetCmdCtrl                                                
20020eb8  _SlPayloadByProtocolLUT                                            
20020ee8  WiFiCC3200_fxnTable                                                
20020f08  xdc_runtime_Startup_sfxnRts__A                                     
20020f18  WiFi_defaultParams                                                 
20020f30  xdc_runtime_Startup_firstFxns__A                                   
20020f3c  StartResponseLUT                                                   
20020f54  _SlNetCfgSetCmdCtrl                                                
20020f58  _SlNetCfgGetCmdCtrl                                                
20020f5c  ti_sysbios_family_arm_m3_Hwi_excHookFuncs__A                       
20020f64  ti_sysbios_knl_Idle_funcList__A                                    
20020f6c  ti_sysbios_knl_Idle_funcList__C                                    
20020f74  xdc_runtime_Startup_firstFxns__C                                   
20020f7c  xdc_runtime_Startup_lastFxns__C                                    
20020f84  ti_sysbios_family_arm_m3_Hwi_E_NMI__C                              
20020f88  ti_sysbios_family_arm_m3_Hwi_E_alreadyDefined__C                   
20020f8c  ti_sysbios_family_arm_m3_Hwi_E_busFault__C                         
20020f90  ti_sysbios_family_arm_m3_Hwi_E_debugMon__C                         
20020f94  ti_sysbios_family_arm_m3_Hwi_E_hardFault__C                        
20020f98  ti_sysbios_family_arm_m3_Hwi_E_memFault__C                         
20020f9c  ti_sysbios_family_arm_m3_Hwi_E_noIsr__C                            
20020fa0  ti_sysbios_family_arm_m3_Hwi_E_reserved__C                         
20020fa4  ti_sysbios_family_arm_m3_Hwi_E_svCall__C                           
20020fa8  ti_sysbios_family_arm_m3_Hwi_E_usageFault__C                       
20020fac  ti_sysbios_family_arm_m3_Hwi_NUM_INTERRUPTS__C                     
20020fb0  ti_sysbios_family_arm_m3_Hwi_Object__count__C                      
20020fb4  ti_sysbios_family_arm_m3_Hwi_ccr__C                                
20020fb8  ti_sysbios_family_arm_m3_Hwi_excHandlerFunc__C                     
20020fbc  ti_sysbios_family_arm_m3_Hwi_excHookFuncs__C                       
20020fc0  ti_sysbios_family_arm_m3_Hwi_nullIsrFunc__C                        
20020fc4  ti_sysbios_family_arm_m3_Hwi_priGroup__C                           
20020fc8  ti_sysbios_family_arm_m3_TaskSupport_stackAlignment__C             
20020fcc  ti_sysbios_family_arm_m3_Timer_E_cannotSupport__C                  
20020fd0  ti_sysbios_family_arm_m3_Timer_startupNeeded__C                    
20020fd4  ti_sysbios_gates_GateMutex_Instance_State_sem__O                   
20020fd8  ti_sysbios_hal_Hwi_E_stackOverflow__C                              
20020fdc  ti_sysbios_heaps_HeapMem_E_memory__C                               
20020fe0  ti_sysbios_heaps_HeapMem_Module__gateObj__C                        
20020fe4  ti_sysbios_heaps_HeapMem_Object__count__C                          
20020fe8  ti_sysbios_heaps_HeapMem_reqAlign__C                               
20020fec  ti_sysbios_knl_Clock_Module_State_clockQ__O                        
20020ff0  ti_sysbios_knl_Clock_tickPeriod__C                                 
20020ff4  ti_sysbios_knl_Event_Instance_State_pendQ__O                       
20020ff8  ti_sysbios_knl_Mailbox_Instance_State_dataQue__O                   
20020ffc  ti_sysbios_knl_Mailbox_Instance_State_dataSem__O                   
20021000  ti_sysbios_knl_Mailbox_Instance_State_freeQue__O                   
20021004  ti_sysbios_knl_Mailbox_Instance_State_freeSem__O                   
20021008  ti_sysbios_knl_Mailbox_Object__count__C                            
2002100c  ti_sysbios_knl_Mailbox_maxTypeAlign__C                             
20021010  ti_sysbios_knl_Semaphore_Instance_State_pendQ__O                   
20021014  ti_sysbios_knl_Swi_Object__count__C                                
20021018  ti_sysbios_knl_Task_E_spOutOfBounds__C                             
2002101c  ti_sysbios_knl_Task_E_stackOverflow__C                             
20021020  ti_sysbios_knl_Task_Module_State_inactiveQ__O                      
20021024  ti_sysbios_knl_Task_Object__count__C                               
20021028  ti_sysbios_knl_Task_allBlockedFunc__C                              
2002102c  ti_sysbios_knl_Task_defaultStackHeap__C                            
20021030  ti_sysbios_knl_Task_defaultStackSize__C                            
20021034  ti_sysbios_knl_Task_numConstructedTasks__C                         
20021038  wiFiCC3200HWAttrs                                                  
2002103c  xdc_runtime_Assert_E_assertFailed__C                               
20021040  xdc_runtime_Core_A_initializedParams__C                            
20021044  xdc_runtime_Core_Module__diagsEnabled__C                           
20021048  xdc_runtime_Core_Module__diagsIncluded__C                          
2002104c  xdc_runtime_Core_Module__diagsMask__C                              
20021050  xdc_runtime_Error_E_memory__C                                      
20021054  xdc_runtime_Error_Module__diagsEnabled__C                          
20021058  xdc_runtime_Error_Module__diagsIncluded__C                         
2002105c  xdc_runtime_Error_Module__diagsMask__C                             
20021060  xdc_runtime_Error_Module__loggerFxn8__C                            
20021064  xdc_runtime_Error_Module__loggerObj__C                             
20021068  xdc_runtime_Error_policyFxn__C                                     
2002106c  xdc_runtime_Error_raiseHook__C                                     
20021070  xdc_runtime_IGateProvider_Interface__BASE__C                       
20021074  xdc_runtime_IHeap_Interface__BASE__C                               
20021078  xdc_runtime_IModule_Interface__BASE__C                             
2002107c  xdc_runtime_Log_L_error__C                                         
20021080  xdc_runtime_Main_Module__diagsEnabled__C                           
20021084  xdc_runtime_Main_Module__diagsIncluded__C                          
20021088  xdc_runtime_Main_Module__diagsMask__C                              
2002108c  xdc_runtime_Main_Module__loggerFxn2__C                             
20021090  xdc_runtime_Main_Module__loggerFxn4__C                             
20021094  xdc_runtime_Main_Module__loggerObj__C                              
20021098  xdc_runtime_Memory_defaultHeapInstance__C                          
2002109c  xdc_runtime_Startup_execImpl__C                                    
200210a0  xdc_runtime_Startup_maxPasses__C                                   
200210a4  xdc_runtime_Startup_sfxnRts__C                                     
200210a8  xdc_runtime_Startup_sfxnTab__C                                     
200210ac  xdc_runtime_SysCallback_abortFxn__C                                
200210b0  xdc_runtime_SysCallback_exitFxn__C                                 
200210b4  xdc_runtime_SysCallback_flushFxn__C                                
200210b8  xdc_runtime_SysCallback_putchFxn__C                                
200210bc  xdc_runtime_SysCallback_readyFxn__C                                
200210c0  xdc_runtime_System_Module__gateObj__C                              
200210c4  xdc_runtime_System_abortFxn__C                                     
200210c8  xdc_runtime_System_exitFxn__C                                      
200210cc  xdc_runtime_System_extendFxn__C                                    
200210d0  xdc_runtime_System_maxAtexitHandlers__C                            
200210d4  xdc_runtime_Text_charTab__C                                        
200210d8  xdc_runtime_Text_nameEmpty__C                                      
200210dc  xdc_runtime_Text_nameStatic__C                                     
200210e0  xdc_runtime_Text_nameUnknown__C                                    
200210e4  xdc_runtime_Text_nodeTab__A                                        
200210e8  xdc_runtime_Text_visitRopeFxn__C                                   
200210ec  ti_sysbios_knl_Task_Module__id__C                                  
200210ee  xdc_runtime_Core_Module__id__C                                     
200210f0  xdc_runtime_Error_Module__loggerDefined__C                         
200210f2  xdc_runtime_Error_maxDepth__C                                      
200210f4  xdc_runtime_Main_Module__id__C                                     
200210f6  xdc_runtime_Main_Module__loggerDefined__C                          
200210f8  xdc_runtime_Memory_Module__id__C                                   
200210fa  xdc_runtime_Text_charCnt__C                                        
200210fc  xdc_runtime_Text_isLoaded__C                                       
200210fe  xdc_runtime_Text_registryModsLastId__C                             
20021100  xdc_runtime_Text_unnamedModsLastId__C                              
20021102  ti_sysbios_knl_Clock_tickSource__C                                 
20021103  xdc_runtime_Error_policy__C                                        
20021104  xdc_runtime_Text_charTab__A                                        
20021108  ti_sysbios_family_arm_cc32xx_Seconds_Module__state__V              
20021110  ti_sysbios_family_arm_m3_Hwi_Module__root__V                       
20021118  ti_sysbios_family_arm_m3_Hwi_Object__table__V                      
20021130  ti_sysbios_family_arm_m3_Hwi_Module_State_0_excActive__A           
20021134  ti_sysbios_family_arm_m3_Hwi_Module_State_0_excContext__A          
20021138  ti_sysbios_family_arm_m3_Hwi_Module_State_0_excStack__A            
2002113c  ti_sysbios_family_arm_m3_Timer_Module__root__V                     
20021144  ti_sysbios_family_arm_m3_Timer_Module__state__V                    
20021150  ti_sysbios_gates_GateHwi_Module__root__V                           
20021158  ti_sysbios_gates_GateHwi_Object__table__V                          
2002115c  ti_sysbios_gates_GateMutex_Module__root__V                         
20021164  ti_sysbios_hal_Hwi_Module__root__V                                 
2002116c  ti_sysbios_heaps_HeapMem_Module__root__V                           
20021174  ti_sysbios_heaps_HeapMem_Object__table__V                          
2002118c  ti_sysbios_knl_Clock_Module__root__V                               
20021194  ti_sysbios_knl_Event_Module__root__V                               
2002119c  ti_sysbios_knl_Mailbox_Module__root__V                             
200211a4  ti_sysbios_knl_Queue_Module__root__V                               
200211ac  ti_sysbios_knl_Semaphore_Module__root__V                           
200211b4  ti_sysbios_knl_Swi_Module__root__V                                 
200211bc  ti_sysbios_knl_Swi_Module__state__V                                
200211d8  ti_sysbios_knl_Task_Module__root__V                                
200211e0  ti_sysbios_knl_Task_Module_State_0_readyQ__A                       
20021200  ti_sysbios_knl_Task_Module_State_0_idleTask__A                     
20021204  xdc_runtime_Error_Module__state__V                                 
20021208  xdc_runtime_Memory_Module__state__V                                
2002120c  xdc_runtime_Registry_Module__state__V                              
20021214  xdc_runtime_Startup_Module__state__V                               
2002121c  xdc_runtime_System_Module_State_0_atexitHandlers__A                
20021224  xdc_runtime_System_Module__state__V                                
2002122c  xdc_runtime_Text_Module__state__V                                  
20021234  __xdc__init__addr                                                  
20021238  HostAddress                                                        
20021338  _ftable                                                            
200215a8  _Denorm                                                            
200215b8  _Eps                                                               
200215c8  _Hugeval                                                           
200215d8  _Inf                                                               
200215e8  _Nan                                                               
200215f8  _Snan                                                              
20021608  _Rteps                                                             
20021618  _Xbig                                                              
20021620  _Zero                                                              
20021628  ti_sysbios_knl_Swi_Module_State_0_readyQ__A                        
200216a8  feedname                                                           
200216bc  feedtype                                                           
200216d0  feedbase                                                           
200216e4  feedpin                                                            
200216f8  hptr                                                               
200216fc  port                                                               
20021700  publishCount                                                       
20021704  sensordetails                                                      
20021708  msgCount                                                           
2002170c  subInterrupt                                                       
20021710  pw                                                                 
20021718  PowerCC3200_module                                                 
2002176c  ti_sysbios_knl_Task_Object__table__V                               
200217b8  ti_sysbios_knl_Task_Module__state__V                               
200217fc  ti_sysbios_gates_GateMutex_Object__table__V                        
20021834  ti_sysbios_family_arm_m3_Hwi_Module__state__V                      
20021898  ti_sysbios_family_arm_m3_Timer_Object__table__V                    
200218c8  ti_sysbios_knl_Swi_Object__table__V                                
200218f8  ti_sysbios_knl_Clock_Module__state__V                              
20021948  ti_sysbios_BIOS_Module__state__V                                   
2002196c  g_H2NSyncPattern                                                   
20021974  g_H2NCnysPattern                                                   
2002197c  g_pCB                                                              
20021980  pPingCallBackFunc                                                  
20021984  gFirstCmdMode                                                      
2002198c  gpioPinConfigs                                                     
20021998  gpioCallbackFunctions                                              
200219b8  NTP_HOSTNAME                                                       
200219cc  g_ulStatus1                                                        
200219d8  smarttime                                                          
200219dc  __TI_ft_end                                                        
200219e0  __aeabi_stdin                                                      
200219e4  __aeabi_stdout                                                     
200219e8  __aeabi_stderr                                                     
200219ec  _tz                                                                
20021a04  _lock                                                              
20021a08  _unlock                                                            
20021a0c  __TI_cleanup_ptr                                                   
20021a10  __TI_dtors_ptr                                                     
20021a14  _Fenv                                                              
20021a18  _Tls_setup__Fenv                                                   
20021a30  _Errno                                                             
20021a38  main_func_sp                                                       
20021a3c  __stack                                                            
20021e3c  __STACK_END                                                        
20021e40  __TI_static_base__                                                 
20022274  __TI_Handler_Table_Base                                            
20022280  __TI_Handler_Table_Limit                                           
20022288  __TI_CINIT_Base                                                    
20022298  __TI_CINIT_Limit                                                   
e000e000  ti_sysbios_family_arm_m3_Hwi_nvic                                  
ffffffff  __binit__                                                          
ffffffff  __c_args__                                                         
ffffffff  binit                                                              
UNDEFED   SHT$$INIT_ARRAY$$Base                                              
UNDEFED   SHT$$INIT_ARRAY$$Limit                                             

[1130 symbols]
